[0.766s] Invoking command in '/home/sukritchopra/ros2_ws/src/jetrover_description': PYTHONPATH=/home/sukritchopra/ros2_ws/src/jetrover_description/build/jetrover_description/prefix_override:/usr/lib/python3/dist-packages/colcon_core/task/python/colcon_distutils_commands:/home/sukritchopra/ros2_ws/src/jetrover_description/install/jetrover_description/lib/python3.12/site-packages:${PYTHONPATH} /usr/bin/python3 -W ignore:setup.py install is deprecated -W ignore:easy_install command is deprecated setup.py egg_info --egg-base build/jetrover_description build --build-base /home/sukritchopra/ros2_ws/src/jetrover_description/build/jetrover_description/build install --record /home/sukritchopra/ros2_ws/src/jetrover_description/build/jetrover_description/install.log --single-version-externally-managed install_data
[1.007s] running egg_info
[1.026s] writing build/jetrover_description/jetrover_description.egg-info/PKG-INFO
[1.026s] writing dependency_links to build/jetrover_description/jetrover_description.egg-info/dependency_links.txt
[1.027s] writing entry points to build/jetrover_description/jetrover_description.egg-info/entry_points.txt
[1.027s] writing requirements to build/jetrover_description/jetrover_description.egg-info/requires.txt
[1.027s] writing top-level names to build/jetrover_description/jetrover_description.egg-info/top_level.txt
[1.065s] reading manifest file 'build/jetrover_description/jetrover_description.egg-info/SOURCES.txt'
[1.067s] writing manifest file 'build/jetrover_description/jetrover_description.egg-info/SOURCES.txt'
[1.067s] running build
[1.067s] running build_py
[1.067s] running install
[1.072s] running install_lib
[1.091s] running install_data
[1.091s] copying models/jetrover/jetrover_world1.sdf -> /home/sukritchopra/ros2_ws/src/jetrover_description/install/jetrover_description/share/jetrover_description/models/jetrover
[1.093s] running install_egg_info
[1.112s] removing '/home/sukritchopra/ros2_ws/src/jetrover_description/install/jetrover_description/lib/python3.12/site-packages/jetrover_description-0.0.0-py3.12.egg-info' (and everything under it)
[1.113s] Copying build/jetrover_description/jetrover_description.egg-info to /home/sukritchopra/ros2_ws/src/jetrover_description/install/jetrover_description/lib/python3.12/site-packages/jetrover_description-0.0.0-py3.12.egg-info
[1.114s] running install_scripts
[1.242s] Installing joint_demo script to /home/sukritchopra/ros2_ws/src/jetrover_description/install/jetrover_description/lib/jetrover_description
[1.242s] Installing manual_control script to /home/sukritchopra/ros2_ws/src/jetrover_description/install/jetrover_description/lib/jetrover_description
[1.242s] writing list of installed files to '/home/sukritchopra/ros2_ws/src/jetrover_description/build/jetrover_description/install.log'
[1.270s] Invoked command in '/home/sukritchopra/ros2_ws/src/jetrover_description' returned '0': PYTHONPATH=/home/sukritchopra/ros2_ws/src/jetrover_description/build/jetrover_description/prefix_override:/usr/lib/python3/dist-packages/colcon_core/task/python/colcon_distutils_commands:/home/sukritchopra/ros2_ws/src/jetrover_description/install/jetrover_description/lib/python3.12/site-packages:${PYTHONPATH} /usr/bin/python3 -W ignore:setup.py install is deprecated -W ignore:easy_install command is deprecated setup.py egg_info --egg-base build/jetrover_description build --build-base /home/sukritchopra/ros2_ws/src/jetrover_description/build/jetrover_description/build install --record /home/sukritchopra/ros2_ws/src/jetrover_description/build/jetrover_description/install.log --single-version-externally-managed install_data
