[0.160s] DEBUG:colcon:Command line arguments: ['/usr/bin/colcon', 'build']
[0.160s] DEBUG:colcon:Parsed command line arguments: Namespace(log_base=None, log_level=None, verb_name='build', build_base='build', install_base='install', merge_install=False, symlink_install=False, test_result_base=None, continue_on_error=False, executor='parallel', parallel_workers=12, event_handlers=None, ignore_user_meta=False, metas=['./colcon.meta'], base_paths=['.'], packages_ignore=None, packages_ignore_regex=None, paths=None, packages_up_to=None, packages_up_to_regex=None, packages_above=None, packages_above_and_dependencies=None, packages_above_depth=None, packages_select_by_dep=None, packages_skip_by_dep=None, packages_skip_up_to=None, packages_select_build_failed=False, packages_skip_build_finished=False, packages_select_test_failures=False, packages_skip_test_passed=False, packages_select=None, packages_skip=None, packages_select_regex=None, packages_skip_regex=None, packages_start=None, packages_end=None, allow_overriding=[], cmake_args=None, cmake_target=None, cmake_target_skip_unavailable=False, cmake_clean_cache=False, cmake_clean_first=False, cmake_force_configure=False, ament_cmake_args=None, catkin_cmake_args=None, catkin_skip_building_tests=False, mixin_files=None, mixin=None, verb_parser=<colcon_mixin.mixin.mixin_argument.MixinArgumentDecorator object at 0x7e0c962469c0>, verb_extension=<colcon_core.verb.build.BuildVerb object at 0x7e0c962466f0>, main=<bound method BuildVerb.main of <colcon_core.verb.build.BuildVerb object at 0x7e0c962466f0>>, mixin_verb=('build',))
[0.199s] Level 1:colcon.colcon_core.package_discovery:discover_packages(colcon_meta) check parameters
[0.199s] Level 1:colcon.colcon_core.package_discovery:discover_packages(recursive) check parameters
[0.199s] Level 1:colcon.colcon_core.package_discovery:discover_packages(ignore) check parameters
[0.199s] Level 1:colcon.colcon_core.package_discovery:discover_packages(path) check parameters
[0.199s] Level 1:colcon.colcon_core.package_discovery:discover_packages(colcon_meta) discover
[0.199s] Level 1:colcon.colcon_core.package_discovery:discover_packages(recursive) discover
[0.199s] INFO:colcon.colcon_core.package_discovery:Crawling recursively for packages in '/home/sukritchopra/ros2_ws/src/jetrover_description'
[0.199s] Level 1:colcon.colcon_core.package_identification:_identify(.) by extensions ['ignore', 'ignore_ament_install']
[0.199s] Level 1:colcon.colcon_core.package_identification:_identify(.) by extension 'ignore'
[0.200s] Level 1:colcon.colcon_core.package_identification:_identify(.) by extension 'ignore_ament_install'
[0.200s] Level 1:colcon.colcon_core.package_identification:_identify(.) by extensions ['colcon_pkg']
[0.200s] Level 1:colcon.colcon_core.package_identification:_identify(.) by extension 'colcon_pkg'
[0.200s] Level 1:colcon.colcon_core.package_identification:_identify(.) by extensions ['colcon_meta']
[0.200s] Level 1:colcon.colcon_core.package_identification:_identify(.) by extension 'colcon_meta'
[0.200s] Level 1:colcon.colcon_core.package_identification:_identify(.) by extensions ['ros']
[0.200s] Level 1:colcon.colcon_core.package_identification:_identify(.) by extension 'ros'
[0.226s] DEBUG:colcon.colcon_core.package_identification:Package '.' with type 'ros.ament_python' and name 'jetrover_description'
[0.226s] Level 1:colcon.colcon_core.package_discovery:discover_packages(recursive) using defaults
[0.226s] Level 1:colcon.colcon_core.package_discovery:discover_packages(ignore) discover
[0.226s] Level 1:colcon.colcon_core.package_discovery:discover_packages(ignore) using defaults
[0.226s] Level 1:colcon.colcon_core.package_discovery:discover_packages(path) discover
[0.226s] Level 1:colcon.colcon_core.package_discovery:discover_packages(path) using defaults
[0.242s] Level 1:colcon.colcon_core.package_discovery:discover_packages(prefix_path) check parameters
[0.242s] Level 1:colcon.colcon_core.package_discovery:discover_packages(prefix_path) discover
[0.245s] DEBUG:colcon.colcon_installed_package_information.package_discovery:Found 415 installed packages in /opt/ros/jazzy
[0.247s] Level 1:colcon.colcon_core.package_discovery:discover_packages(prefix_path) using defaults
[0.295s] Level 5:colcon.colcon_core.verb:set package 'jetrover_description' build argument 'cmake_args' from command line to 'None'
[0.295s] Level 5:colcon.colcon_core.verb:set package 'jetrover_description' build argument 'cmake_target' from command line to 'None'
[0.295s] Level 5:colcon.colcon_core.verb:set package 'jetrover_description' build argument 'cmake_target_skip_unavailable' from command line to 'False'
[0.295s] Level 5:colcon.colcon_core.verb:set package 'jetrover_description' build argument 'cmake_clean_cache' from command line to 'False'
[0.295s] Level 5:colcon.colcon_core.verb:set package 'jetrover_description' build argument 'cmake_clean_first' from command line to 'False'
[0.295s] Level 5:colcon.colcon_core.verb:set package 'jetrover_description' build argument 'cmake_force_configure' from command line to 'False'
[0.295s] Level 5:colcon.colcon_core.verb:set package 'jetrover_description' build argument 'ament_cmake_args' from command line to 'None'
[0.295s] Level 5:colcon.colcon_core.verb:set package 'jetrover_description' build argument 'catkin_cmake_args' from command line to 'None'
[0.295s] Level 5:colcon.colcon_core.verb:set package 'jetrover_description' build argument 'catkin_skip_building_tests' from command line to 'False'
[0.295s] DEBUG:colcon.colcon_core.verb:Building package 'jetrover_description' with the following arguments: {'ament_cmake_args': None, 'build_base': '/home/sukritchopra/ros2_ws/src/jetrover_description/build/jetrover_description', 'catkin_cmake_args': None, 'catkin_skip_building_tests': False, 'cmake_args': None, 'cmake_clean_cache': False, 'cmake_clean_first': False, 'cmake_force_configure': False, 'cmake_target': None, 'cmake_target_skip_unavailable': False, 'install_base': '/home/sukritchopra/ros2_ws/src/jetrover_description/install/jetrover_description', 'merge_install': False, 'path': '/home/sukritchopra/ros2_ws/src/jetrover_description', 'symlink_install': False, 'test_result_base': None}
[0.295s] INFO:colcon.colcon_core.executor:Executing jobs using 'parallel' executor
[0.296s] DEBUG:colcon.colcon_parallel_executor.executor.parallel:run_until_complete
[0.296s] INFO:colcon.colcon_ros.task.ament_python.build:Building ROS package in '/home/sukritchopra/ros2_ws/src/jetrover_description' with build type 'ament_python'
[0.296s] Level 1:colcon.colcon_core.shell:create_environment_hook('jetrover_description', 'ament_prefix_path')
[0.305s] INFO:colcon.colcon_core.plugin_system:Skipping extension 'colcon_core.shell.bat': Not used on non-Windows systems
[0.305s] INFO:colcon.colcon_core.shell:Creating environment hook '/home/sukritchopra/ros2_ws/src/jetrover_description/install/jetrover_description/share/jetrover_description/hook/ament_prefix_path.ps1'
[0.308s] INFO:colcon.colcon_core.shell:Creating environment descriptor '/home/sukritchopra/ros2_ws/src/jetrover_description/install/jetrover_description/share/jetrover_description/hook/ament_prefix_path.dsv'
[0.309s] INFO:colcon.colcon_core.shell:Creating environment hook '/home/sukritchopra/ros2_ws/src/jetrover_description/install/jetrover_description/share/jetrover_description/hook/ament_prefix_path.sh'
[0.310s] INFO:colcon.colcon_core.shell:Skip shell extension 'powershell' for command environment: Not usable outside of PowerShell
[0.310s] DEBUG:colcon.colcon_core.shell:Skip shell extension 'dsv' for command environment
[0.525s] INFO:colcon.colcon_core.task.python.build:Building Python package in '/home/sukritchopra/ros2_ws/src/jetrover_description'
[0.525s] INFO:colcon.colcon_core.shell:Skip shell extension 'powershell' for command environment: Not usable outside of PowerShell
[0.525s] DEBUG:colcon.colcon_core.shell:Skip shell extension 'dsv' for command environment
[1.423s] DEBUG:colcon.colcon_core.event_handler.log_command:Invoking command in '/home/sukritchopra/ros2_ws/src/jetrover_description': PYTHONPATH=/home/sukritchopra/ros2_ws/src/jetrover_description/build/jetrover_description/prefix_override:/usr/lib/python3/dist-packages/colcon_core/task/python/colcon_distutils_commands:/home/sukritchopra/ros2_ws/src/jetrover_description/install/jetrover_description/lib/python3.12/site-packages:${PYTHONPATH} /usr/bin/python3 -W ignore:setup.py install is deprecated -W ignore:easy_install command is deprecated setup.py egg_info --egg-base build/jetrover_description build --build-base /home/sukritchopra/ros2_ws/src/jetrover_description/build/jetrover_description/build install --record /home/sukritchopra/ros2_ws/src/jetrover_description/build/jetrover_description/install.log --single-version-externally-managed install_data
[2.055s] DEBUG:colcon.colcon_core.event_handler.log_command:Invoked command in '/home/sukritchopra/ros2_ws/src/jetrover_description' returned '0': PYTHONPATH=/home/sukritchopra/ros2_ws/src/jetrover_description/build/jetrover_description/prefix_override:/usr/lib/python3/dist-packages/colcon_core/task/python/colcon_distutils_commands:/home/sukritchopra/ros2_ws/src/jetrover_description/install/jetrover_description/lib/python3.12/site-packages:${PYTHONPATH} /usr/bin/python3 -W ignore:setup.py install is deprecated -W ignore:easy_install command is deprecated setup.py egg_info --egg-base build/jetrover_description build --build-base /home/sukritchopra/ros2_ws/src/jetrover_description/build/jetrover_description/build install --record /home/sukritchopra/ros2_ws/src/jetrover_description/build/jetrover_description/install.log --single-version-externally-managed install_data
[2.064s] Level 1:colcon.colcon_core.environment:checking '/home/sukritchopra/ros2_ws/src/jetrover_description/install/jetrover_description' for CMake module files
[2.065s] Level 1:colcon.colcon_core.environment:checking '/home/sukritchopra/ros2_ws/src/jetrover_description/install/jetrover_description' for CMake config files
[2.066s] Level 1:colcon.colcon_core.environment:checking '/home/sukritchopra/ros2_ws/src/jetrover_description/install/jetrover_description/lib'
[2.066s] Level 1:colcon.colcon_core.environment:checking '/home/sukritchopra/ros2_ws/src/jetrover_description/install/jetrover_description/bin'
[2.066s] Level 1:colcon.colcon_core.environment:checking '/home/sukritchopra/ros2_ws/src/jetrover_description/install/jetrover_description/lib/pkgconfig/jetrover_description.pc'
[2.066s] Level 1:colcon.colcon_core.environment:checking '/home/sukritchopra/ros2_ws/src/jetrover_description/install/jetrover_description/lib/python3.12/site-packages'
[2.066s] Level 1:colcon.colcon_core.shell:create_environment_hook('jetrover_description', 'pythonpath')
[2.067s] INFO:colcon.colcon_core.shell:Creating environment hook '/home/sukritchopra/ros2_ws/src/jetrover_description/install/jetrover_description/share/jetrover_description/hook/pythonpath.ps1'
[2.067s] INFO:colcon.colcon_core.shell:Creating environment descriptor '/home/sukritchopra/ros2_ws/src/jetrover_description/install/jetrover_description/share/jetrover_description/hook/pythonpath.dsv'
[2.067s] INFO:colcon.colcon_core.shell:Creating environment hook '/home/sukritchopra/ros2_ws/src/jetrover_description/install/jetrover_description/share/jetrover_description/hook/pythonpath.sh'
[2.068s] Level 1:colcon.colcon_core.environment:checking '/home/sukritchopra/ros2_ws/src/jetrover_description/install/jetrover_description/bin'
[2.068s] Level 1:colcon.colcon_core.environment:create_environment_scripts_only(jetrover_description)
[2.068s] INFO:colcon.colcon_core.shell:Creating package script '/home/sukritchopra/ros2_ws/src/jetrover_description/install/jetrover_description/share/jetrover_description/package.ps1'
[2.069s] INFO:colcon.colcon_core.shell:Creating package descriptor '/home/sukritchopra/ros2_ws/src/jetrover_description/install/jetrover_description/share/jetrover_description/package.dsv'
[2.070s] INFO:colcon.colcon_core.shell:Creating package script '/home/sukritchopra/ros2_ws/src/jetrover_description/install/jetrover_description/share/jetrover_description/package.sh'
[2.071s] INFO:colcon.colcon_core.shell:Creating package script '/home/sukritchopra/ros2_ws/src/jetrover_description/install/jetrover_description/share/jetrover_description/package.bash'
[2.072s] INFO:colcon.colcon_core.shell:Creating package script '/home/sukritchopra/ros2_ws/src/jetrover_description/install/jetrover_description/share/jetrover_description/package.zsh'
[2.073s] Level 1:colcon.colcon_core.environment:create_file_with_runtime_dependencies(/home/sukritchopra/ros2_ws/src/jetrover_description/install/jetrover_description/share/colcon-core/packages/jetrover_description)
[2.074s] DEBUG:colcon.colcon_parallel_executor.executor.parallel:closing loop
[2.075s] DEBUG:colcon.colcon_parallel_executor.executor.parallel:loop closed
[2.075s] DEBUG:colcon.colcon_parallel_executor.executor.parallel:run_until_complete finished with '0'
[2.075s] DEBUG:colcon.colcon_core.event_reactor:joining thread
[2.112s] INFO:colcon.colcon_core.plugin_system:Skipping extension 'colcon_notification.desktop_notification.notify_send': Could not find 'notify-send'
[2.112s] INFO:colcon.colcon_core.plugin_system:Skipping extension 'colcon_notification.desktop_notification.terminal_notifier': Not used on non-Darwin systems
[2.112s] INFO:colcon.colcon_core.plugin_system:Skipping extension 'colcon_notification.desktop_notification.win32': Not used on non-Windows systems
[2.112s] INFO:colcon.colcon_notification.desktop_notification:Sending desktop notification using 'notify2'
[2.167s] DEBUG:colcon.colcon_notification.desktop_notification.notify2:Failed to initialize notify2: org.freedesktop.DBus.Error.ServiceUnknown: The name org.freedesktop.Notifications was not provided by any .service files
[2.167s] DEBUG:colcon.colcon_core.event_reactor:joined thread
[2.168s] INFO:colcon.colcon_core.shell:Creating prefix script '/home/sukritchopra/ros2_ws/src/jetrover_description/install/local_setup.ps1'
[2.169s] INFO:colcon.colcon_core.shell:Creating prefix util module '/home/sukritchopra/ros2_ws/src/jetrover_description/install/_local_setup_util_ps1.py'
[2.170s] INFO:colcon.colcon_core.shell:Creating prefix chain script '/home/sukritchopra/ros2_ws/src/jetrover_description/install/setup.ps1'
[2.172s] INFO:colcon.colcon_core.shell:Creating prefix script '/home/sukritchopra/ros2_ws/src/jetrover_description/install/local_setup.sh'
[2.173s] INFO:colcon.colcon_core.shell:Creating prefix util module '/home/sukritchopra/ros2_ws/src/jetrover_description/install/_local_setup_util_sh.py'
[2.174s] INFO:colcon.colcon_core.shell:Creating prefix chain script '/home/sukritchopra/ros2_ws/src/jetrover_description/install/setup.sh'
[2.175s] INFO:colcon.colcon_core.shell:Creating prefix script '/home/sukritchopra/ros2_ws/src/jetrover_description/install/local_setup.bash'
[2.176s] INFO:colcon.colcon_core.shell:Creating prefix chain script '/home/sukritchopra/ros2_ws/src/jetrover_description/install/setup.bash'
[2.177s] INFO:colcon.colcon_core.shell:Creating prefix script '/home/sukritchopra/ros2_ws/src/jetrover_description/install/local_setup.zsh'
[2.178s] INFO:colcon.colcon_core.shell:Creating prefix chain script '/home/sukritchopra/ros2_ws/src/jetrover_description/install/setup.zsh'
