[0.161s] DEBUG:colcon:Command line arguments: ['/usr/bin/colcon', 'build', '--packages-select', 'jetrover_description']
[0.162s] DEBUG:colcon:Parsed command line arguments: Namespace(log_base=None, log_level=None, verb_name='build', build_base='build', install_base='install', merge_install=False, symlink_install=False, test_result_base=None, continue_on_error=False, executor='parallel', parallel_workers=12, event_handlers=None, ignore_user_meta=False, metas=['./colcon.meta'], base_paths=['.'], packages_ignore=None, packages_ignore_regex=None, paths=None, packages_up_to=None, packages_up_to_regex=None, packages_above=None, packages_above_and_dependencies=None, packages_above_depth=None, packages_select_by_dep=None, packages_skip_by_dep=None, packages_skip_up_to=None, packages_select_build_failed=False, packages_skip_build_finished=False, packages_select_test_failures=False, packages_skip_test_passed=False, packages_select=['jetrover_description'], packages_skip=None, packages_select_regex=None, packages_skip_regex=None, packages_start=None, packages_end=None, allow_overriding=[], cmake_args=None, cmake_target=None, cmake_target_skip_unavailable=False, cmake_clean_cache=False, cmake_clean_first=False, cmake_force_configure=False, ament_cmake_args=None, catkin_cmake_args=None, catkin_skip_building_tests=False, mixin_files=None, mixin=None, verb_parser=<colcon_mixin.mixin.mixin_argument.MixinArgumentDecorator object at 0x772bf2f76b70>, verb_extension=<colcon_core.verb.build.BuildVerb object at 0x772bf2f76930>, main=<bound method BuildVerb.main of <colcon_core.verb.build.BuildVerb object at 0x772bf2f76930>>, mixin_verb=('build',))
[0.202s] Level 1:colcon.colcon_core.package_discovery:discover_packages(colcon_meta) check parameters
[0.202s] Level 1:colcon.colcon_core.package_discovery:discover_packages(recursive) check parameters
[0.202s] Level 1:colcon.colcon_core.package_discovery:discover_packages(ignore) check parameters
[0.202s] Level 1:colcon.colcon_core.package_discovery:discover_packages(path) check parameters
[0.202s] Level 1:colcon.colcon_core.package_discovery:discover_packages(colcon_meta) discover
[0.202s] Level 1:colcon.colcon_core.package_discovery:discover_packages(recursive) discover
[0.203s] INFO:colcon.colcon_core.package_discovery:Crawling recursively for packages in '/home/sukritchopra/ros2_ws'
[0.203s] Level 1:colcon.colcon_core.package_identification:_identify(.) by extensions ['ignore', 'ignore_ament_install']
[0.203s] Level 1:colcon.colcon_core.package_identification:_identify(.) by extension 'ignore'
[0.203s] Level 1:colcon.colcon_core.package_identification:_identify(.) by extension 'ignore_ament_install'
[0.203s] Level 1:colcon.colcon_core.package_identification:_identify(.) by extensions ['colcon_pkg']
[0.203s] Level 1:colcon.colcon_core.package_identification:_identify(.) by extension 'colcon_pkg'
[0.203s] Level 1:colcon.colcon_core.package_identification:_identify(.) by extensions ['colcon_meta']
[0.203s] Level 1:colcon.colcon_core.package_identification:_identify(.) by extension 'colcon_meta'
[0.203s] Level 1:colcon.colcon_core.package_identification:_identify(.) by extensions ['ros']
[0.203s] Level 1:colcon.colcon_core.package_identification:_identify(.) by extension 'ros'
[0.227s] Level 1:colcon.colcon_core.package_identification:_identify(.) by extensions ['cmake', 'python']
[0.227s] Level 1:colcon.colcon_core.package_identification:_identify(.) by extension 'cmake'
[0.227s] Level 1:colcon.colcon_core.package_identification:_identify(.) by extension 'python'
[0.227s] Level 1:colcon.colcon_core.package_identification:_identify(.) by extensions ['python_setup_py']
[0.227s] Level 1:colcon.colcon_core.package_identification:_identify(.) by extension 'python_setup_py'
[0.227s] Level 1:colcon.colcon_core.package_identification:_identify(build) by extensions ['ignore', 'ignore_ament_install']
[0.228s] Level 1:colcon.colcon_core.package_identification:_identify(build) by extension 'ignore'
[0.228s] Level 1:colcon.colcon_core.package_identification:_identify(build) ignored
[0.228s] Level 1:colcon.colcon_core.package_identification:_identify(install) by extensions ['ignore', 'ignore_ament_install']
[0.228s] Level 1:colcon.colcon_core.package_identification:_identify(install) by extension 'ignore'
[0.228s] Level 1:colcon.colcon_core.package_identification:_identify(install) ignored
[0.228s] Level 1:colcon.colcon_core.package_identification:_identify(log) by extensions ['ignore', 'ignore_ament_install']
[0.228s] Level 1:colcon.colcon_core.package_identification:_identify(log) by extension 'ignore'
[0.228s] Level 1:colcon.colcon_core.package_identification:_identify(log) ignored
[0.228s] Level 1:colcon.colcon_core.package_identification:_identify(sdf) by extensions ['ignore', 'ignore_ament_install']
[0.228s] Level 1:colcon.colcon_core.package_identification:_identify(sdf) by extension 'ignore'
[0.228s] Level 1:colcon.colcon_core.package_identification:_identify(sdf) by extension 'ignore_ament_install'
[0.229s] Level 1:colcon.colcon_core.package_identification:_identify(sdf) by extensions ['colcon_pkg']
[0.229s] Level 1:colcon.colcon_core.package_identification:_identify(sdf) by extension 'colcon_pkg'
[0.229s] Level 1:colcon.colcon_core.package_identification:_identify(sdf) by extensions ['colcon_meta']
[0.229s] Level 1:colcon.colcon_core.package_identification:_identify(sdf) by extension 'colcon_meta'
[0.229s] Level 1:colcon.colcon_core.package_identification:_identify(sdf) by extensions ['ros']
[0.229s] Level 1:colcon.colcon_core.package_identification:_identify(sdf) by extension 'ros'
[0.229s] Level 1:colcon.colcon_core.package_identification:_identify(sdf) by extensions ['cmake', 'python']
[0.229s] Level 1:colcon.colcon_core.package_identification:_identify(sdf) by extension 'cmake'
[0.229s] Level 1:colcon.colcon_core.package_identification:_identify(sdf) by extension 'python'
[0.229s] Level 1:colcon.colcon_core.package_identification:_identify(sdf) by extensions ['python_setup_py']
[0.229s] Level 1:colcon.colcon_core.package_identification:_identify(sdf) by extension 'python_setup_py'
[0.229s] Level 1:colcon.colcon_core.package_identification:_identify(src) by extensions ['ignore', 'ignore_ament_install']
[0.229s] Level 1:colcon.colcon_core.package_identification:_identify(src) by extension 'ignore'
[0.229s] Level 1:colcon.colcon_core.package_identification:_identify(src) by extension 'ignore_ament_install'
[0.229s] Level 1:colcon.colcon_core.package_identification:_identify(src) by extensions ['colcon_pkg']
[0.229s] Level 1:colcon.colcon_core.package_identification:_identify(src) by extension 'colcon_pkg'
[0.229s] Level 1:colcon.colcon_core.package_identification:_identify(src) by extensions ['colcon_meta']
[0.229s] Level 1:colcon.colcon_core.package_identification:_identify(src) by extension 'colcon_meta'
[0.229s] Level 1:colcon.colcon_core.package_identification:_identify(src) by extensions ['ros']
[0.229s] Level 1:colcon.colcon_core.package_identification:_identify(src) by extension 'ros'
[0.230s] Level 1:colcon.colcon_core.package_identification:_identify(src) by extensions ['cmake', 'python']
[0.230s] Level 1:colcon.colcon_core.package_identification:_identify(src) by extension 'cmake'
[0.230s] Level 1:colcon.colcon_core.package_identification:_identify(src) by extension 'python'
[0.230s] Level 1:colcon.colcon_core.package_identification:_identify(src) by extensions ['python_setup_py']
[0.230s] Level 1:colcon.colcon_core.package_identification:_identify(src) by extension 'python_setup_py'
[0.230s] Level 1:colcon.colcon_core.package_identification:_identify(src/jetrover_description) by extensions ['ignore', 'ignore_ament_install']
[0.230s] Level 1:colcon.colcon_core.package_identification:_identify(src/jetrover_description) by extension 'ignore'
[0.230s] Level 1:colcon.colcon_core.package_identification:_identify(src/jetrover_description) by extension 'ignore_ament_install'
[0.230s] Level 1:colcon.colcon_core.package_identification:_identify(src/jetrover_description) by extensions ['colcon_pkg']
[0.230s] Level 1:colcon.colcon_core.package_identification:_identify(src/jetrover_description) by extension 'colcon_pkg'
[0.230s] Level 1:colcon.colcon_core.package_identification:_identify(src/jetrover_description) by extensions ['colcon_meta']
[0.230s] Level 1:colcon.colcon_core.package_identification:_identify(src/jetrover_description) by extension 'colcon_meta'
[0.230s] Level 1:colcon.colcon_core.package_identification:_identify(src/jetrover_description) by extensions ['ros']
[0.230s] Level 1:colcon.colcon_core.package_identification:_identify(src/jetrover_description) by extension 'ros'
[0.233s] DEBUG:colcon.colcon_core.package_identification:Package 'src/jetrover_description' with type 'ros.ament_python' and name 'jetrover_description'
[0.233s] Level 1:colcon.colcon_core.package_identification:_identify(src/jetrover_overall) by extensions ['ignore', 'ignore_ament_install']
[0.233s] Level 1:colcon.colcon_core.package_identification:_identify(src/jetrover_overall) by extension 'ignore'
[0.233s] Level 1:colcon.colcon_core.package_identification:_identify(src/jetrover_overall) by extension 'ignore_ament_install'
[0.233s] Level 1:colcon.colcon_core.package_identification:_identify(src/jetrover_overall) by extensions ['colcon_pkg']
[0.233s] Level 1:colcon.colcon_core.package_identification:_identify(src/jetrover_overall) by extension 'colcon_pkg'
[0.233s] Level 1:colcon.colcon_core.package_identification:_identify(src/jetrover_overall) by extensions ['colcon_meta']
[0.233s] Level 1:colcon.colcon_core.package_identification:_identify(src/jetrover_overall) by extension 'colcon_meta'
[0.233s] Level 1:colcon.colcon_core.package_identification:_identify(src/jetrover_overall) by extensions ['ros']
[0.233s] Level 1:colcon.colcon_core.package_identification:_identify(src/jetrover_overall) by extension 'ros'
[0.233s] Level 1:colcon.colcon_core.package_identification:_identify(src/jetrover_overall) by extensions ['cmake', 'python']
[0.233s] Level 1:colcon.colcon_core.package_identification:_identify(src/jetrover_overall) by extension 'cmake'
[0.233s] Level 1:colcon.colcon_core.package_identification:_identify(src/jetrover_overall) by extension 'python'
[0.234s] Level 1:colcon.colcon_core.package_identification:_identify(src/jetrover_overall) by extensions ['python_setup_py']
[0.234s] Level 1:colcon.colcon_core.package_identification:_identify(src/jetrover_overall) by extension 'python_setup_py'
[0.234s] Level 1:colcon.colcon_core.package_identification:_identify(src/jetrover_overall/src) by extensions ['ignore', 'ignore_ament_install']
[0.234s] Level 1:colcon.colcon_core.package_identification:_identify(src/jetrover_overall/src) by extension 'ignore'
[0.234s] Level 1:colcon.colcon_core.package_identification:_identify(src/jetrover_overall/src) by extension 'ignore_ament_install'
[0.234s] Level 1:colcon.colcon_core.package_identification:_identify(src/jetrover_overall/src) by extensions ['colcon_pkg']
[0.234s] Level 1:colcon.colcon_core.package_identification:_identify(src/jetrover_overall/src) by extension 'colcon_pkg'
[0.234s] Level 1:colcon.colcon_core.package_identification:_identify(src/jetrover_overall/src) by extensions ['colcon_meta']
[0.234s] Level 1:colcon.colcon_core.package_identification:_identify(src/jetrover_overall/src) by extension 'colcon_meta'
[0.234s] Level 1:colcon.colcon_core.package_identification:_identify(src/jetrover_overall/src) by extensions ['ros']
[0.234s] Level 1:colcon.colcon_core.package_identification:_identify(src/jetrover_overall/src) by extension 'ros'
[0.234s] Level 1:colcon.colcon_core.package_identification:_identify(src/jetrover_overall/src) by extensions ['cmake', 'python']
[0.234s] Level 1:colcon.colcon_core.package_identification:_identify(src/jetrover_overall/src) by extension 'cmake'
[0.234s] Level 1:colcon.colcon_core.package_identification:_identify(src/jetrover_overall/src) by extension 'python'
[0.234s] Level 1:colcon.colcon_core.package_identification:_identify(src/jetrover_overall/src) by extensions ['python_setup_py']
[0.234s] Level 1:colcon.colcon_core.package_identification:_identify(src/jetrover_overall/src) by extension 'python_setup_py'
[0.234s] Level 1:colcon.colcon_core.package_identification:_identify(src/jetrover_overall/src/app) by extensions ['ignore', 'ignore_ament_install']
[0.235s] Level 1:colcon.colcon_core.package_identification:_identify(src/jetrover_overall/src/app) by extension 'ignore'
[0.235s] Level 1:colcon.colcon_core.package_identification:_identify(src/jetrover_overall/src/app) by extension 'ignore_ament_install'
[0.235s] Level 1:colcon.colcon_core.package_identification:_identify(src/jetrover_overall/src/app) by extensions ['colcon_pkg']
[0.235s] Level 1:colcon.colcon_core.package_identification:_identify(src/jetrover_overall/src/app) by extension 'colcon_pkg'
[0.235s] Level 1:colcon.colcon_core.package_identification:_identify(src/jetrover_overall/src/app) by extensions ['colcon_meta']
[0.235s] Level 1:colcon.colcon_core.package_identification:_identify(src/jetrover_overall/src/app) by extension 'colcon_meta'
[0.235s] Level 1:colcon.colcon_core.package_identification:_identify(src/jetrover_overall/src/app) by extensions ['ros']
[0.235s] Level 1:colcon.colcon_core.package_identification:_identify(src/jetrover_overall/src/app) by extension 'ros'
[0.235s] DEBUG:colcon.colcon_core.package_identification:Package 'src/jetrover_overall/src/app' with type 'ros.ament_python' and name 'app'
[0.235s] Level 1:colcon.colcon_core.package_identification:_identify(src/jetrover_overall/src/bringup) by extensions ['ignore', 'ignore_ament_install']
[0.235s] Level 1:colcon.colcon_core.package_identification:_identify(src/jetrover_overall/src/bringup) by extension 'ignore'
[0.236s] Level 1:colcon.colcon_core.package_identification:_identify(src/jetrover_overall/src/bringup) by extension 'ignore_ament_install'
[0.236s] Level 1:colcon.colcon_core.package_identification:_identify(src/jetrover_overall/src/bringup) by extensions ['colcon_pkg']
[0.236s] Level 1:colcon.colcon_core.package_identification:_identify(src/jetrover_overall/src/bringup) by extension 'colcon_pkg'
[0.236s] Level 1:colcon.colcon_core.package_identification:_identify(src/jetrover_overall/src/bringup) by extensions ['colcon_meta']
[0.236s] Level 1:colcon.colcon_core.package_identification:_identify(src/jetrover_overall/src/bringup) by extension 'colcon_meta'
[0.236s] Level 1:colcon.colcon_core.package_identification:_identify(src/jetrover_overall/src/bringup) by extensions ['ros']
[0.236s] Level 1:colcon.colcon_core.package_identification:_identify(src/jetrover_overall/src/bringup) by extension 'ros'
[0.236s] DEBUG:colcon.colcon_core.package_identification:Package 'src/jetrover_overall/src/bringup' with type 'ros.ament_python' and name 'bringup'
[0.236s] Level 1:colcon.colcon_core.package_identification:_identify(src/jetrover_overall/src/calibration) by extensions ['ignore', 'ignore_ament_install']
[0.236s] Level 1:colcon.colcon_core.package_identification:_identify(src/jetrover_overall/src/calibration) by extension 'ignore'
[0.237s] Level 1:colcon.colcon_core.package_identification:_identify(src/jetrover_overall/src/calibration) by extension 'ignore_ament_install'
[0.237s] Level 1:colcon.colcon_core.package_identification:_identify(src/jetrover_overall/src/calibration) by extensions ['colcon_pkg']
[0.237s] Level 1:colcon.colcon_core.package_identification:_identify(src/jetrover_overall/src/calibration) by extension 'colcon_pkg'
[0.237s] Level 1:colcon.colcon_core.package_identification:_identify(src/jetrover_overall/src/calibration) by extensions ['colcon_meta']
[0.237s] Level 1:colcon.colcon_core.package_identification:_identify(src/jetrover_overall/src/calibration) by extension 'colcon_meta'
[0.237s] Level 1:colcon.colcon_core.package_identification:_identify(src/jetrover_overall/src/calibration) by extensions ['ros']
[0.237s] Level 1:colcon.colcon_core.package_identification:_identify(src/jetrover_overall/src/calibration) by extension 'ros'
[0.237s] DEBUG:colcon.colcon_core.package_identification:Package 'src/jetrover_overall/src/calibration' with type 'ros.ament_python' and name 'calibration'
[0.237s] Level 1:colcon.colcon_core.package_identification:_identify(src/jetrover_overall/src/driver) by extensions ['ignore', 'ignore_ament_install']
[0.238s] Level 1:colcon.colcon_core.package_identification:_identify(src/jetrover_overall/src/driver) by extension 'ignore'
[0.238s] Level 1:colcon.colcon_core.package_identification:_identify(src/jetrover_overall/src/driver) by extension 'ignore_ament_install'
[0.238s] Level 1:colcon.colcon_core.package_identification:_identify(src/jetrover_overall/src/driver) by extensions ['colcon_pkg']
[0.238s] Level 1:colcon.colcon_core.package_identification:_identify(src/jetrover_overall/src/driver) by extension 'colcon_pkg'
[0.238s] Level 1:colcon.colcon_core.package_identification:_identify(src/jetrover_overall/src/driver) by extensions ['colcon_meta']
[0.238s] Level 1:colcon.colcon_core.package_identification:_identify(src/jetrover_overall/src/driver) by extension 'colcon_meta'
[0.238s] Level 1:colcon.colcon_core.package_identification:_identify(src/jetrover_overall/src/driver) by extensions ['ros']
[0.238s] Level 1:colcon.colcon_core.package_identification:_identify(src/jetrover_overall/src/driver) by extension 'ros'
[0.238s] Level 1:colcon.colcon_core.package_identification:_identify(src/jetrover_overall/src/driver) by extensions ['cmake', 'python']
[0.238s] Level 1:colcon.colcon_core.package_identification:_identify(src/jetrover_overall/src/driver) by extension 'cmake'
[0.238s] Level 1:colcon.colcon_core.package_identification:_identify(src/jetrover_overall/src/driver) by extension 'python'
[0.238s] Level 1:colcon.colcon_core.package_identification:_identify(src/jetrover_overall/src/driver) by extensions ['python_setup_py']
[0.238s] Level 1:colcon.colcon_core.package_identification:_identify(src/jetrover_overall/src/driver) by extension 'python_setup_py'
[0.238s] Level 1:colcon.colcon_core.package_identification:_identify(src/jetrover_overall/src/driver/controller) by extensions ['ignore', 'ignore_ament_install']
[0.238s] Level 1:colcon.colcon_core.package_identification:_identify(src/jetrover_overall/src/driver/controller) by extension 'ignore'
[0.239s] Level 1:colcon.colcon_core.package_identification:_identify(src/jetrover_overall/src/driver/controller) by extension 'ignore_ament_install'
[0.239s] Level 1:colcon.colcon_core.package_identification:_identify(src/jetrover_overall/src/driver/controller) by extensions ['colcon_pkg']
[0.239s] Level 1:colcon.colcon_core.package_identification:_identify(src/jetrover_overall/src/driver/controller) by extension 'colcon_pkg'
[0.239s] Level 1:colcon.colcon_core.package_identification:_identify(src/jetrover_overall/src/driver/controller) by extensions ['colcon_meta']
[0.239s] Level 1:colcon.colcon_core.package_identification:_identify(src/jetrover_overall/src/driver/controller) by extension 'colcon_meta'
[0.239s] Level 1:colcon.colcon_core.package_identification:_identify(src/jetrover_overall/src/driver/controller) by extensions ['ros']
[0.239s] Level 1:colcon.colcon_core.package_identification:_identify(src/jetrover_overall/src/driver/controller) by extension 'ros'
[0.239s] DEBUG:colcon.colcon_core.package_identification:Package 'src/jetrover_overall/src/driver/controller' with type 'ros.ament_python' and name 'controller'
[0.239s] Level 1:colcon.colcon_core.package_identification:_identify(src/jetrover_overall/src/driver/kinematics) by extensions ['ignore', 'ignore_ament_install']
[0.240s] Level 1:colcon.colcon_core.package_identification:_identify(src/jetrover_overall/src/driver/kinematics) by extension 'ignore'
[0.240s] Level 1:colcon.colcon_core.package_identification:_identify(src/jetrover_overall/src/driver/kinematics) by extension 'ignore_ament_install'
[0.240s] Level 1:colcon.colcon_core.package_identification:_identify(src/jetrover_overall/src/driver/kinematics) by extensions ['colcon_pkg']
[0.240s] Level 1:colcon.colcon_core.package_identification:_identify(src/jetrover_overall/src/driver/kinematics) by extension 'colcon_pkg'
[0.240s] Level 1:colcon.colcon_core.package_identification:_identify(src/jetrover_overall/src/driver/kinematics) by extensions ['colcon_meta']
[0.240s] Level 1:colcon.colcon_core.package_identification:_identify(src/jetrover_overall/src/driver/kinematics) by extension 'colcon_meta'
[0.240s] Level 1:colcon.colcon_core.package_identification:_identify(src/jetrover_overall/src/driver/kinematics) by extensions ['ros']
[0.240s] Level 1:colcon.colcon_core.package_identification:_identify(src/jetrover_overall/src/driver/kinematics) by extension 'ros'
[0.240s] DEBUG:colcon.colcon_core.package_identification:Package 'src/jetrover_overall/src/driver/kinematics' with type 'ros.ament_python' and name 'kinematics'
[0.241s] Level 1:colcon.colcon_core.package_identification:_identify(src/jetrover_overall/src/driver/kinematics_msgs) by extensions ['ignore', 'ignore_ament_install']
[0.241s] Level 1:colcon.colcon_core.package_identification:_identify(src/jetrover_overall/src/driver/kinematics_msgs) by extension 'ignore'
[0.241s] Level 1:colcon.colcon_core.package_identification:_identify(src/jetrover_overall/src/driver/kinematics_msgs) by extension 'ignore_ament_install'
[0.241s] Level 1:colcon.colcon_core.package_identification:_identify(src/jetrover_overall/src/driver/kinematics_msgs) by extensions ['colcon_pkg']
[0.241s] Level 1:colcon.colcon_core.package_identification:_identify(src/jetrover_overall/src/driver/kinematics_msgs) by extension 'colcon_pkg'
[0.241s] Level 1:colcon.colcon_core.package_identification:_identify(src/jetrover_overall/src/driver/kinematics_msgs) by extensions ['colcon_meta']
[0.241s] Level 1:colcon.colcon_core.package_identification:_identify(src/jetrover_overall/src/driver/kinematics_msgs) by extension 'colcon_meta'
[0.241s] Level 1:colcon.colcon_core.package_identification:_identify(src/jetrover_overall/src/driver/kinematics_msgs) by extensions ['ros']
[0.241s] Level 1:colcon.colcon_core.package_identification:_identify(src/jetrover_overall/src/driver/kinematics_msgs) by extension 'ros'
[0.241s] DEBUG:colcon.colcon_core.package_identification:Package 'src/jetrover_overall/src/driver/kinematics_msgs' with type 'ros.ament_cmake' and name 'kinematics_msgs'
[0.242s] Level 1:colcon.colcon_core.package_identification:_identify(src/jetrover_overall/src/driver/ros_robot_controller) by extensions ['ignore', 'ignore_ament_install']
[0.242s] Level 1:colcon.colcon_core.package_identification:_identify(src/jetrover_overall/src/driver/ros_robot_controller) by extension 'ignore'
[0.242s] Level 1:colcon.colcon_core.package_identification:_identify(src/jetrover_overall/src/driver/ros_robot_controller) by extension 'ignore_ament_install'
[0.242s] Level 1:colcon.colcon_core.package_identification:_identify(src/jetrover_overall/src/driver/ros_robot_controller) by extensions ['colcon_pkg']
[0.242s] Level 1:colcon.colcon_core.package_identification:_identify(src/jetrover_overall/src/driver/ros_robot_controller) by extension 'colcon_pkg'
[0.242s] Level 1:colcon.colcon_core.package_identification:_identify(src/jetrover_overall/src/driver/ros_robot_controller) by extensions ['colcon_meta']
[0.242s] Level 1:colcon.colcon_core.package_identification:_identify(src/jetrover_overall/src/driver/ros_robot_controller) by extension 'colcon_meta'
[0.242s] Level 1:colcon.colcon_core.package_identification:_identify(src/jetrover_overall/src/driver/ros_robot_controller) by extensions ['ros']
[0.242s] Level 1:colcon.colcon_core.package_identification:_identify(src/jetrover_overall/src/driver/ros_robot_controller) by extension 'ros'
[0.242s] DEBUG:colcon.colcon_core.package_identification:Package 'src/jetrover_overall/src/driver/ros_robot_controller' with type 'ros.ament_python' and name 'ros_robot_controller'
[0.243s] Level 1:colcon.colcon_core.package_identification:_identify(src/jetrover_overall/src/driver/ros_robot_controller_msgs) by extensions ['ignore', 'ignore_ament_install']
[0.243s] Level 1:colcon.colcon_core.package_identification:_identify(src/jetrover_overall/src/driver/ros_robot_controller_msgs) by extension 'ignore'
[0.243s] Level 1:colcon.colcon_core.package_identification:_identify(src/jetrover_overall/src/driver/ros_robot_controller_msgs) by extension 'ignore_ament_install'
[0.243s] Level 1:colcon.colcon_core.package_identification:_identify(src/jetrover_overall/src/driver/ros_robot_controller_msgs) by extensions ['colcon_pkg']
[0.243s] Level 1:colcon.colcon_core.package_identification:_identify(src/jetrover_overall/src/driver/ros_robot_controller_msgs) by extension 'colcon_pkg'
[0.243s] Level 1:colcon.colcon_core.package_identification:_identify(src/jetrover_overall/src/driver/ros_robot_controller_msgs) by extensions ['colcon_meta']
[0.243s] Level 1:colcon.colcon_core.package_identification:_identify(src/jetrover_overall/src/driver/ros_robot_controller_msgs) by extension 'colcon_meta'
[0.243s] Level 1:colcon.colcon_core.package_identification:_identify(src/jetrover_overall/src/driver/ros_robot_controller_msgs) by extensions ['ros']
[0.243s] Level 1:colcon.colcon_core.package_identification:_identify(src/jetrover_overall/src/driver/ros_robot_controller_msgs) by extension 'ros'
[0.244s] DEBUG:colcon.colcon_core.package_identification:Package 'src/jetrover_overall/src/driver/ros_robot_controller_msgs' with type 'ros.ament_cmake' and name 'ros_robot_controller_msgs'
[0.244s] Level 1:colcon.colcon_core.package_identification:_identify(src/jetrover_overall/src/driver/sdk) by extensions ['ignore', 'ignore_ament_install']
[0.244s] Level 1:colcon.colcon_core.package_identification:_identify(src/jetrover_overall/src/driver/sdk) by extension 'ignore'
[0.244s] Level 1:colcon.colcon_core.package_identification:_identify(src/jetrover_overall/src/driver/sdk) by extension 'ignore_ament_install'
[0.244s] Level 1:colcon.colcon_core.package_identification:_identify(src/jetrover_overall/src/driver/sdk) by extensions ['colcon_pkg']
[0.244s] Level 1:colcon.colcon_core.package_identification:_identify(src/jetrover_overall/src/driver/sdk) by extension 'colcon_pkg'
[0.244s] Level 1:colcon.colcon_core.package_identification:_identify(src/jetrover_overall/src/driver/sdk) by extensions ['colcon_meta']
[0.244s] Level 1:colcon.colcon_core.package_identification:_identify(src/jetrover_overall/src/driver/sdk) by extension 'colcon_meta'
[0.244s] Level 1:colcon.colcon_core.package_identification:_identify(src/jetrover_overall/src/driver/sdk) by extensions ['ros']
[0.244s] Level 1:colcon.colcon_core.package_identification:_identify(src/jetrover_overall/src/driver/sdk) by extension 'ros'
[0.245s] DEBUG:colcon.colcon_core.package_identification:Package 'src/jetrover_overall/src/driver/sdk' with type 'ros.ament_python' and name 'sdk'
[0.245s] Level 1:colcon.colcon_core.package_identification:_identify(src/jetrover_overall/src/driver/servo_controller) by extensions ['ignore', 'ignore_ament_install']
[0.245s] Level 1:colcon.colcon_core.package_identification:_identify(src/jetrover_overall/src/driver/servo_controller) by extension 'ignore'
[0.245s] Level 1:colcon.colcon_core.package_identification:_identify(src/jetrover_overall/src/driver/servo_controller) by extension 'ignore_ament_install'
[0.245s] Level 1:colcon.colcon_core.package_identification:_identify(src/jetrover_overall/src/driver/servo_controller) by extensions ['colcon_pkg']
[0.245s] Level 1:colcon.colcon_core.package_identification:_identify(src/jetrover_overall/src/driver/servo_controller) by extension 'colcon_pkg'
[0.245s] Level 1:colcon.colcon_core.package_identification:_identify(src/jetrover_overall/src/driver/servo_controller) by extensions ['colcon_meta']
[0.245s] Level 1:colcon.colcon_core.package_identification:_identify(src/jetrover_overall/src/driver/servo_controller) by extension 'colcon_meta'
[0.245s] Level 1:colcon.colcon_core.package_identification:_identify(src/jetrover_overall/src/driver/servo_controller) by extensions ['ros']
[0.245s] Level 1:colcon.colcon_core.package_identification:_identify(src/jetrover_overall/src/driver/servo_controller) by extension 'ros'
[0.246s] DEBUG:colcon.colcon_core.package_identification:Package 'src/jetrover_overall/src/driver/servo_controller' with type 'ros.ament_python' and name 'servo_controller'
[0.246s] Level 1:colcon.colcon_core.package_identification:_identify(src/jetrover_overall/src/driver/servo_controller_msgs) by extensions ['ignore', 'ignore_ament_install']
[0.246s] Level 1:colcon.colcon_core.package_identification:_identify(src/jetrover_overall/src/driver/servo_controller_msgs) by extension 'ignore'
[0.246s] Level 1:colcon.colcon_core.package_identification:_identify(src/jetrover_overall/src/driver/servo_controller_msgs) by extension 'ignore_ament_install'
[0.246s] Level 1:colcon.colcon_core.package_identification:_identify(src/jetrover_overall/src/driver/servo_controller_msgs) by extensions ['colcon_pkg']
[0.246s] Level 1:colcon.colcon_core.package_identification:_identify(src/jetrover_overall/src/driver/servo_controller_msgs) by extension 'colcon_pkg'
[0.246s] Level 1:colcon.colcon_core.package_identification:_identify(src/jetrover_overall/src/driver/servo_controller_msgs) by extensions ['colcon_meta']
[0.246s] Level 1:colcon.colcon_core.package_identification:_identify(src/jetrover_overall/src/driver/servo_controller_msgs) by extension 'colcon_meta'
[0.246s] Level 1:colcon.colcon_core.package_identification:_identify(src/jetrover_overall/src/driver/servo_controller_msgs) by extensions ['ros']
[0.246s] Level 1:colcon.colcon_core.package_identification:_identify(src/jetrover_overall/src/driver/servo_controller_msgs) by extension 'ros'
[0.247s] DEBUG:colcon.colcon_core.package_identification:Package 'src/jetrover_overall/src/driver/servo_controller_msgs' with type 'ros.ament_cmake' and name 'servo_controller_msgs'
[0.247s] Level 1:colcon.colcon_core.package_identification:_identify(src/jetrover_overall/src/example) by extensions ['ignore', 'ignore_ament_install']
[0.247s] Level 1:colcon.colcon_core.package_identification:_identify(src/jetrover_overall/src/example) by extension 'ignore'
[0.247s] Level 1:colcon.colcon_core.package_identification:_identify(src/jetrover_overall/src/example) by extension 'ignore_ament_install'
[0.247s] Level 1:colcon.colcon_core.package_identification:_identify(src/jetrover_overall/src/example) by extensions ['colcon_pkg']
[0.247s] Level 1:colcon.colcon_core.package_identification:_identify(src/jetrover_overall/src/example) by extension 'colcon_pkg'
[0.247s] Level 1:colcon.colcon_core.package_identification:_identify(src/jetrover_overall/src/example) by extensions ['colcon_meta']
[0.247s] Level 1:colcon.colcon_core.package_identification:_identify(src/jetrover_overall/src/example) by extension 'colcon_meta'
[0.247s] Level 1:colcon.colcon_core.package_identification:_identify(src/jetrover_overall/src/example) by extensions ['ros']
[0.247s] Level 1:colcon.colcon_core.package_identification:_identify(src/jetrover_overall/src/example) by extension 'ros'
[0.248s] DEBUG:colcon.colcon_core.package_identification:Package 'src/jetrover_overall/src/example' with type 'ros.ament_python' and name 'example'
[0.248s] Level 1:colcon.colcon_core.package_identification:_identify(src/jetrover_overall/src/interfaces) by extensions ['ignore', 'ignore_ament_install']
[0.248s] Level 1:colcon.colcon_core.package_identification:_identify(src/jetrover_overall/src/interfaces) by extension 'ignore'
[0.248s] Level 1:colcon.colcon_core.package_identification:_identify(src/jetrover_overall/src/interfaces) by extension 'ignore_ament_install'
[0.248s] Level 1:colcon.colcon_core.package_identification:_identify(src/jetrover_overall/src/interfaces) by extensions ['colcon_pkg']
[0.248s] Level 1:colcon.colcon_core.package_identification:_identify(src/jetrover_overall/src/interfaces) by extension 'colcon_pkg'
[0.248s] Level 1:colcon.colcon_core.package_identification:_identify(src/jetrover_overall/src/interfaces) by extensions ['colcon_meta']
[0.248s] Level 1:colcon.colcon_core.package_identification:_identify(src/jetrover_overall/src/interfaces) by extension 'colcon_meta'
[0.248s] Level 1:colcon.colcon_core.package_identification:_identify(src/jetrover_overall/src/interfaces) by extensions ['ros']
[0.248s] Level 1:colcon.colcon_core.package_identification:_identify(src/jetrover_overall/src/interfaces) by extension 'ros'
[0.249s] DEBUG:colcon.colcon_core.package_identification:Package 'src/jetrover_overall/src/interfaces' with type 'ros.ament_cmake' and name 'interfaces'
[0.249s] Level 1:colcon.colcon_core.package_identification:_identify(src/jetrover_overall/src/navigation) by extensions ['ignore', 'ignore_ament_install']
[0.249s] Level 1:colcon.colcon_core.package_identification:_identify(src/jetrover_overall/src/navigation) by extension 'ignore'
[0.249s] Level 1:colcon.colcon_core.package_identification:_identify(src/jetrover_overall/src/navigation) by extension 'ignore_ament_install'
[0.249s] Level 1:colcon.colcon_core.package_identification:_identify(src/jetrover_overall/src/navigation) by extensions ['colcon_pkg']
[0.249s] Level 1:colcon.colcon_core.package_identification:_identify(src/jetrover_overall/src/navigation) by extension 'colcon_pkg'
[0.249s] Level 1:colcon.colcon_core.package_identification:_identify(src/jetrover_overall/src/navigation) by extensions ['colcon_meta']
[0.249s] Level 1:colcon.colcon_core.package_identification:_identify(src/jetrover_overall/src/navigation) by extension 'colcon_meta'
[0.249s] Level 1:colcon.colcon_core.package_identification:_identify(src/jetrover_overall/src/navigation) by extensions ['ros']
[0.249s] Level 1:colcon.colcon_core.package_identification:_identify(src/jetrover_overall/src/navigation) by extension 'ros'
[0.249s] DEBUG:colcon.colcon_core.package_identification:Package 'src/jetrover_overall/src/navigation' with type 'ros.ament_python' and name 'navigation'
[0.250s] Level 1:colcon.colcon_core.package_identification:_identify(src/jetrover_overall/src/peripherals) by extensions ['ignore', 'ignore_ament_install']
[0.250s] Level 1:colcon.colcon_core.package_identification:_identify(src/jetrover_overall/src/peripherals) by extension 'ignore'
[0.250s] Level 1:colcon.colcon_core.package_identification:_identify(src/jetrover_overall/src/peripherals) by extension 'ignore_ament_install'
[0.250s] Level 1:colcon.colcon_core.package_identification:_identify(src/jetrover_overall/src/peripherals) by extensions ['colcon_pkg']
[0.250s] Level 1:colcon.colcon_core.package_identification:_identify(src/jetrover_overall/src/peripherals) by extension 'colcon_pkg'
[0.250s] Level 1:colcon.colcon_core.package_identification:_identify(src/jetrover_overall/src/peripherals) by extensions ['colcon_meta']
[0.250s] Level 1:colcon.colcon_core.package_identification:_identify(src/jetrover_overall/src/peripherals) by extension 'colcon_meta'
[0.250s] Level 1:colcon.colcon_core.package_identification:_identify(src/jetrover_overall/src/peripherals) by extensions ['ros']
[0.250s] Level 1:colcon.colcon_core.package_identification:_identify(src/jetrover_overall/src/peripherals) by extension 'ros'
[0.250s] DEBUG:colcon.colcon_core.package_identification:Package 'src/jetrover_overall/src/peripherals' with type 'ros.ament_python' and name 'peripherals'
[0.250s] Level 1:colcon.colcon_core.package_identification:_identify(src/jetrover_overall/src/simulations) by extensions ['ignore', 'ignore_ament_install']
[0.251s] Level 1:colcon.colcon_core.package_identification:_identify(src/jetrover_overall/src/simulations) by extension 'ignore'
[0.251s] Level 1:colcon.colcon_core.package_identification:_identify(src/jetrover_overall/src/simulations) by extension 'ignore_ament_install'
[0.251s] Level 1:colcon.colcon_core.package_identification:_identify(src/jetrover_overall/src/simulations) by extensions ['colcon_pkg']
[0.251s] Level 1:colcon.colcon_core.package_identification:_identify(src/jetrover_overall/src/simulations) by extension 'colcon_pkg'
[0.251s] Level 1:colcon.colcon_core.package_identification:_identify(src/jetrover_overall/src/simulations) by extensions ['colcon_meta']
[0.251s] Level 1:colcon.colcon_core.package_identification:_identify(src/jetrover_overall/src/simulations) by extension 'colcon_meta'
[0.251s] Level 1:colcon.colcon_core.package_identification:_identify(src/jetrover_overall/src/simulations) by extensions ['ros']
[0.251s] Level 1:colcon.colcon_core.package_identification:_identify(src/jetrover_overall/src/simulations) by extension 'ros'
[0.251s] Level 1:colcon.colcon_core.package_identification:_identify(src/jetrover_overall/src/simulations) by extensions ['cmake', 'python']
[0.251s] Level 1:colcon.colcon_core.package_identification:_identify(src/jetrover_overall/src/simulations) by extension 'cmake'
[0.251s] Level 1:colcon.colcon_core.package_identification:_identify(src/jetrover_overall/src/simulations) by extension 'python'
[0.251s] Level 1:colcon.colcon_core.package_identification:_identify(src/jetrover_overall/src/simulations) by extensions ['python_setup_py']
[0.251s] Level 1:colcon.colcon_core.package_identification:_identify(src/jetrover_overall/src/simulations) by extension 'python_setup_py'
[0.251s] Level 1:colcon.colcon_core.package_identification:_identify(src/jetrover_overall/src/simulations/jetrover_description) by extensions ['ignore', 'ignore_ament_install']
[0.251s] Level 1:colcon.colcon_core.package_identification:_identify(src/jetrover_overall/src/simulations/jetrover_description) by extension 'ignore'
[0.251s] Level 1:colcon.colcon_core.package_identification:_identify(src/jetrover_overall/src/simulations/jetrover_description) by extension 'ignore_ament_install'
[0.252s] Level 1:colcon.colcon_core.package_identification:_identify(src/jetrover_overall/src/simulations/jetrover_description) by extensions ['colcon_pkg']
[0.252s] Level 1:colcon.colcon_core.package_identification:_identify(src/jetrover_overall/src/simulations/jetrover_description) by extension 'colcon_pkg'
[0.252s] Level 1:colcon.colcon_core.package_identification:_identify(src/jetrover_overall/src/simulations/jetrover_description) by extensions ['colcon_meta']
[0.252s] Level 1:colcon.colcon_core.package_identification:_identify(src/jetrover_overall/src/simulations/jetrover_description) by extension 'colcon_meta'
[0.252s] Level 1:colcon.colcon_core.package_identification:_identify(src/jetrover_overall/src/simulations/jetrover_description) by extensions ['ros']
[0.252s] Level 1:colcon.colcon_core.package_identification:_identify(src/jetrover_overall/src/simulations/jetrover_description) by extension 'ros'
[0.252s] DEBUG:colcon.colcon_core.package_identification:Package 'src/jetrover_overall/src/simulations/jetrover_description' with type 'ros.ament_python' and name 'jetrover_description'
[0.253s] Level 1:colcon.colcon_core.package_identification:_identify(src/jetrover_overall/src/slam) by extensions ['ignore', 'ignore_ament_install']
[0.253s] Level 1:colcon.colcon_core.package_identification:_identify(src/jetrover_overall/src/slam) by extension 'ignore'
[0.253s] Level 1:colcon.colcon_core.package_identification:_identify(src/jetrover_overall/src/slam) by extension 'ignore_ament_install'
[0.253s] Level 1:colcon.colcon_core.package_identification:_identify(src/jetrover_overall/src/slam) by extensions ['colcon_pkg']
[0.253s] Level 1:colcon.colcon_core.package_identification:_identify(src/jetrover_overall/src/slam) by extension 'colcon_pkg'
[0.253s] Level 1:colcon.colcon_core.package_identification:_identify(src/jetrover_overall/src/slam) by extensions ['colcon_meta']
[0.253s] Level 1:colcon.colcon_core.package_identification:_identify(src/jetrover_overall/src/slam) by extension 'colcon_meta'
[0.253s] Level 1:colcon.colcon_core.package_identification:_identify(src/jetrover_overall/src/slam) by extensions ['ros']
[0.253s] Level 1:colcon.colcon_core.package_identification:_identify(src/jetrover_overall/src/slam) by extension 'ros'
[0.253s] DEBUG:colcon.colcon_core.package_identification:Package 'src/jetrover_overall/src/slam' with type 'ros.ament_python' and name 'slam'
[0.253s] Level 1:colcon.colcon_core.package_identification:_identify(src/jetrover_overall/src/xf_mic_asr_offline) by extensions ['ignore', 'ignore_ament_install']
[0.254s] Level 1:colcon.colcon_core.package_identification:_identify(src/jetrover_overall/src/xf_mic_asr_offline) by extension 'ignore'
[0.254s] Level 1:colcon.colcon_core.package_identification:_identify(src/jetrover_overall/src/xf_mic_asr_offline) by extension 'ignore_ament_install'
[0.254s] Level 1:colcon.colcon_core.package_identification:_identify(src/jetrover_overall/src/xf_mic_asr_offline) by extensions ['colcon_pkg']
[0.254s] Level 1:colcon.colcon_core.package_identification:_identify(src/jetrover_overall/src/xf_mic_asr_offline) by extension 'colcon_pkg'
[0.254s] Level 1:colcon.colcon_core.package_identification:_identify(src/jetrover_overall/src/xf_mic_asr_offline) by extensions ['colcon_meta']
[0.254s] Level 1:colcon.colcon_core.package_identification:_identify(src/jetrover_overall/src/xf_mic_asr_offline) by extension 'colcon_meta'
[0.254s] Level 1:colcon.colcon_core.package_identification:_identify(src/jetrover_overall/src/xf_mic_asr_offline) by extensions ['ros']
[0.254s] Level 1:colcon.colcon_core.package_identification:_identify(src/jetrover_overall/src/xf_mic_asr_offline) by extension 'ros'
[0.254s] DEBUG:colcon.colcon_core.package_identification:Package 'src/jetrover_overall/src/xf_mic_asr_offline' with type 'ros.ament_cmake' and name 'xf_mic_asr_offline'
[0.254s] Level 1:colcon.colcon_core.package_identification:_identify(src/jetrover_overall/src/xf_mic_asr_offline_msgs) by extensions ['ignore', 'ignore_ament_install']
[0.255s] Level 1:colcon.colcon_core.package_identification:_identify(src/jetrover_overall/src/xf_mic_asr_offline_msgs) by extension 'ignore'
[0.255s] Level 1:colcon.colcon_core.package_identification:_identify(src/jetrover_overall/src/xf_mic_asr_offline_msgs) by extension 'ignore_ament_install'
[0.255s] Level 1:colcon.colcon_core.package_identification:_identify(src/jetrover_overall/src/xf_mic_asr_offline_msgs) by extensions ['colcon_pkg']
[0.255s] Level 1:colcon.colcon_core.package_identification:_identify(src/jetrover_overall/src/xf_mic_asr_offline_msgs) by extension 'colcon_pkg'
[0.255s] Level 1:colcon.colcon_core.package_identification:_identify(src/jetrover_overall/src/xf_mic_asr_offline_msgs) by extensions ['colcon_meta']
[0.255s] Level 1:colcon.colcon_core.package_identification:_identify(src/jetrover_overall/src/xf_mic_asr_offline_msgs) by extension 'colcon_meta'
[0.255s] Level 1:colcon.colcon_core.package_identification:_identify(src/jetrover_overall/src/xf_mic_asr_offline_msgs) by extensions ['ros']
[0.255s] Level 1:colcon.colcon_core.package_identification:_identify(src/jetrover_overall/src/xf_mic_asr_offline_msgs) by extension 'ros'
[0.255s] DEBUG:colcon.colcon_core.package_identification:Package 'src/jetrover_overall/src/xf_mic_asr_offline_msgs' with type 'ros.ament_cmake' and name 'xf_mic_asr_offline_msgs'
[0.255s] Level 1:colcon.colcon_core.package_discovery:discover_packages(recursive) using defaults
[0.255s] Level 1:colcon.colcon_core.package_discovery:discover_packages(ignore) discover
[0.255s] Level 1:colcon.colcon_core.package_discovery:discover_packages(ignore) using defaults
[0.255s] Level 1:colcon.colcon_core.package_discovery:discover_packages(path) discover
[0.255s] Level 1:colcon.colcon_core.package_discovery:discover_packages(path) using defaults
[0.276s] INFO:colcon.colcon_core.package_selection:Skipping not selected package 'app' in 'src/jetrover_overall/src/app'
[0.276s] INFO:colcon.colcon_core.package_selection:Skipping not selected package 'bringup' in 'src/jetrover_overall/src/bringup'
[0.276s] INFO:colcon.colcon_core.package_selection:Skipping not selected package 'calibration' in 'src/jetrover_overall/src/calibration'
[0.276s] INFO:colcon.colcon_core.package_selection:Skipping not selected package 'controller' in 'src/jetrover_overall/src/driver/controller'
[0.276s] INFO:colcon.colcon_core.package_selection:Skipping not selected package 'example' in 'src/jetrover_overall/src/example'
[0.276s] INFO:colcon.colcon_core.package_selection:Skipping not selected package 'interfaces' in 'src/jetrover_overall/src/interfaces'
[0.276s] INFO:colcon.colcon_core.package_selection:Skipping not selected package 'kinematics' in 'src/jetrover_overall/src/driver/kinematics'
[0.276s] INFO:colcon.colcon_core.package_selection:Skipping not selected package 'kinematics_msgs' in 'src/jetrover_overall/src/driver/kinematics_msgs'
[0.276s] INFO:colcon.colcon_core.package_selection:Skipping not selected package 'navigation' in 'src/jetrover_overall/src/navigation'
[0.276s] INFO:colcon.colcon_core.package_selection:Skipping not selected package 'peripherals' in 'src/jetrover_overall/src/peripherals'
[0.276s] INFO:colcon.colcon_core.package_selection:Skipping not selected package 'ros_robot_controller' in 'src/jetrover_overall/src/driver/ros_robot_controller'
[0.276s] INFO:colcon.colcon_core.package_selection:Skipping not selected package 'ros_robot_controller_msgs' in 'src/jetrover_overall/src/driver/ros_robot_controller_msgs'
[0.276s] INFO:colcon.colcon_core.package_selection:Skipping not selected package 'sdk' in 'src/jetrover_overall/src/driver/sdk'
[0.276s] INFO:colcon.colcon_core.package_selection:Skipping not selected package 'servo_controller' in 'src/jetrover_overall/src/driver/servo_controller'
[0.276s] INFO:colcon.colcon_core.package_selection:Skipping not selected package 'servo_controller_msgs' in 'src/jetrover_overall/src/driver/servo_controller_msgs'
[0.276s] INFO:colcon.colcon_core.package_selection:Skipping not selected package 'slam' in 'src/jetrover_overall/src/slam'
[0.276s] INFO:colcon.colcon_core.package_selection:Skipping not selected package 'xf_mic_asr_offline_msgs' in 'src/jetrover_overall/src/xf_mic_asr_offline_msgs'
[0.276s] INFO:colcon.colcon_core.package_selection:Skipping not selected package 'xf_mic_asr_offline' in 'src/jetrover_overall/src/xf_mic_asr_offline'
[0.277s] Level 1:colcon.colcon_core.package_discovery:discover_packages(prefix_path) check parameters
[0.277s] Level 1:colcon.colcon_core.package_discovery:discover_packages(prefix_path) discover
[0.278s] DEBUG:colcon.colcon_installed_package_information.package_discovery:Found 1 installed packages in /home/sukritchopra/ros2_ws/install
[0.280s] DEBUG:colcon.colcon_installed_package_information.package_discovery:Found 415 installed packages in /opt/ros/jazzy
[0.281s] Level 1:colcon.colcon_core.package_discovery:discover_packages(prefix_path) using defaults
[0.331s] ERROR:colcon:colcon build: Duplicate package names not supported:
- jetrover_description:
  - src/jetrover_description
  - src/jetrover_overall/src/simulations/jetrover_description
