[0.422s] DEBUG:colcon:Command line arguments: ['/usr/bin/colcon', 'build', '--packages-select', 'jetrover_description']
[0.422s] DEBUG:colcon:Parsed command line arguments: Namespace(log_base=None, log_level=None, verb_name='build', build_base='build', install_base='install', merge_install=False, symlink_install=False, test_result_base=None, continue_on_error=False, executor='parallel', parallel_workers=12, event_handlers=None, ignore_user_meta=False, metas=['./colcon.meta'], base_paths=['.'], packages_ignore=None, packages_ignore_regex=None, paths=None, packages_up_to=None, packages_up_to_regex=None, packages_above=None, packages_above_and_dependencies=None, packages_above_depth=None, packages_select_by_dep=None, packages_skip_by_dep=None, packages_skip_up_to=None, packages_select_build_failed=False, packages_skip_build_finished=False, packages_select_test_failures=False, packages_skip_test_passed=False, packages_select=['jetrover_description'], packages_skip=None, packages_select_regex=None, packages_skip_regex=None, packages_start=None, packages_end=None, allow_overriding=[], cmake_args=None, cmake_target=None, cmake_target_skip_unavailable=False, cmake_clean_cache=False, cmake_clean_first=False, cmake_force_configure=False, ament_cmake_args=None, catkin_cmake_args=None, catkin_skip_building_tests=False, mixin_files=None, mixin=None, verb_parser=<colcon_mixin.mixin.mixin_argument.MixinArgumentDecorator object at 0x7ca04c386b10>, verb_extension=<colcon_core.verb.build.BuildVerb object at 0x7ca04c3867b0>, main=<bound method BuildVerb.main of <colcon_core.verb.build.BuildVerb object at 0x7ca04c3867b0>>, mixin_verb=('build',))
[0.467s] Level 1:colcon.colcon_core.package_discovery:discover_packages(colcon_meta) check parameters
[0.467s] Level 1:colcon.colcon_core.package_discovery:discover_packages(recursive) check parameters
[0.467s] Level 1:colcon.colcon_core.package_discovery:discover_packages(ignore) check parameters
[0.467s] Level 1:colcon.colcon_core.package_discovery:discover_packages(path) check parameters
[0.467s] Level 1:colcon.colcon_core.package_discovery:discover_packages(colcon_meta) discover
[0.468s] Level 1:colcon.colcon_core.package_discovery:discover_packages(recursive) discover
[0.468s] INFO:colcon.colcon_core.package_discovery:Crawling recursively for packages in '/home/sukritchopra/ros2_ws'
[0.468s] Level 1:colcon.colcon_core.package_identification:_identify(.) by extensions ['ignore', 'ignore_ament_install']
[0.468s] Level 1:colcon.colcon_core.package_identification:_identify(.) by extension 'ignore'
[0.468s] Level 1:colcon.colcon_core.package_identification:_identify(.) by extension 'ignore_ament_install'
[0.468s] Level 1:colcon.colcon_core.package_identification:_identify(.) by extensions ['colcon_pkg']
[0.468s] Level 1:colcon.colcon_core.package_identification:_identify(.) by extension 'colcon_pkg'
[0.468s] Level 1:colcon.colcon_core.package_identification:_identify(.) by extensions ['colcon_meta']
[0.468s] Level 1:colcon.colcon_core.package_identification:_identify(.) by extension 'colcon_meta'
[0.468s] Level 1:colcon.colcon_core.package_identification:_identify(.) by extensions ['ros']
[0.468s] Level 1:colcon.colcon_core.package_identification:_identify(.) by extension 'ros'
[0.498s] Level 1:colcon.colcon_core.package_identification:_identify(.) by extensions ['cmake', 'python']
[0.498s] Level 1:colcon.colcon_core.package_identification:_identify(.) by extension 'cmake'
[0.498s] Level 1:colcon.colcon_core.package_identification:_identify(.) by extension 'python'
[0.498s] Level 1:colcon.colcon_core.package_identification:_identify(.) by extensions ['python_setup_py']
[0.498s] Level 1:colcon.colcon_core.package_identification:_identify(.) by extension 'python_setup_py'
[0.498s] Level 1:colcon.colcon_core.package_identification:_identify(build) by extensions ['ignore', 'ignore_ament_install']
[0.498s] Level 1:colcon.colcon_core.package_identification:_identify(build) by extension 'ignore'
[0.498s] Level 1:colcon.colcon_core.package_identification:_identify(build) ignored
[0.499s] Level 1:colcon.colcon_core.package_identification:_identify(install) by extensions ['ignore', 'ignore_ament_install']
[0.499s] Level 1:colcon.colcon_core.package_identification:_identify(install) by extension 'ignore'
[0.499s] Level 1:colcon.colcon_core.package_identification:_identify(install) ignored
[0.499s] Level 1:colcon.colcon_core.package_identification:_identify(log) by extensions ['ignore', 'ignore_ament_install']
[0.499s] Level 1:colcon.colcon_core.package_identification:_identify(log) by extension 'ignore'
[0.499s] Level 1:colcon.colcon_core.package_identification:_identify(log) ignored
[0.499s] Level 1:colcon.colcon_core.package_identification:_identify(sdf) by extensions ['ignore', 'ignore_ament_install']
[0.499s] Level 1:colcon.colcon_core.package_identification:_identify(sdf) by extension 'ignore'
[0.499s] Level 1:colcon.colcon_core.package_identification:_identify(sdf) by extension 'ignore_ament_install'
[0.499s] Level 1:colcon.colcon_core.package_identification:_identify(sdf) by extensions ['colcon_pkg']
[0.499s] Level 1:colcon.colcon_core.package_identification:_identify(sdf) by extension 'colcon_pkg'
[0.499s] Level 1:colcon.colcon_core.package_identification:_identify(sdf) by extensions ['colcon_meta']
[0.499s] Level 1:colcon.colcon_core.package_identification:_identify(sdf) by extension 'colcon_meta'
[0.499s] Level 1:colcon.colcon_core.package_identification:_identify(sdf) by extensions ['ros']
[0.500s] Level 1:colcon.colcon_core.package_identification:_identify(sdf) by extension 'ros'
[0.500s] Level 1:colcon.colcon_core.package_identification:_identify(sdf) by extensions ['cmake', 'python']
[0.500s] Level 1:colcon.colcon_core.package_identification:_identify(sdf) by extension 'cmake'
[0.500s] Level 1:colcon.colcon_core.package_identification:_identify(sdf) by extension 'python'
[0.500s] Level 1:colcon.colcon_core.package_identification:_identify(sdf) by extensions ['python_setup_py']
[0.500s] Level 1:colcon.colcon_core.package_identification:_identify(sdf) by extension 'python_setup_py'
[0.500s] Level 1:colcon.colcon_core.package_identification:_identify(src) by extensions ['ignore', 'ignore_ament_install']
[0.500s] Level 1:colcon.colcon_core.package_identification:_identify(src) by extension 'ignore'
[0.500s] Level 1:colcon.colcon_core.package_identification:_identify(src) by extension 'ignore_ament_install'
[0.500s] Level 1:colcon.colcon_core.package_identification:_identify(src) by extensions ['colcon_pkg']
[0.500s] Level 1:colcon.colcon_core.package_identification:_identify(src) by extension 'colcon_pkg'
[0.500s] Level 1:colcon.colcon_core.package_identification:_identify(src) by extensions ['colcon_meta']
[0.500s] Level 1:colcon.colcon_core.package_identification:_identify(src) by extension 'colcon_meta'
[0.500s] Level 1:colcon.colcon_core.package_identification:_identify(src) by extensions ['ros']
[0.500s] Level 1:colcon.colcon_core.package_identification:_identify(src) by extension 'ros'
[0.501s] Level 1:colcon.colcon_core.package_identification:_identify(src) by extensions ['cmake', 'python']
[0.501s] Level 1:colcon.colcon_core.package_identification:_identify(src) by extension 'cmake'
[0.501s] Level 1:colcon.colcon_core.package_identification:_identify(src) by extension 'python'
[0.501s] Level 1:colcon.colcon_core.package_identification:_identify(src) by extensions ['python_setup_py']
[0.501s] Level 1:colcon.colcon_core.package_identification:_identify(src) by extension 'python_setup_py'
[0.501s] Level 1:colcon.colcon_core.package_identification:_identify(src/jetrover_description) by extensions ['ignore', 'ignore_ament_install']
[0.501s] Level 1:colcon.colcon_core.package_identification:_identify(src/jetrover_description) by extension 'ignore'
[0.501s] Level 1:colcon.colcon_core.package_identification:_identify(src/jetrover_description) by extension 'ignore_ament_install'
[0.501s] Level 1:colcon.colcon_core.package_identification:_identify(src/jetrover_description) by extensions ['colcon_pkg']
[0.501s] Level 1:colcon.colcon_core.package_identification:_identify(src/jetrover_description) by extension 'colcon_pkg'
[0.501s] Level 1:colcon.colcon_core.package_identification:_identify(src/jetrover_description) by extensions ['colcon_meta']
[0.501s] Level 1:colcon.colcon_core.package_identification:_identify(src/jetrover_description) by extension 'colcon_meta'
[0.501s] Level 1:colcon.colcon_core.package_identification:_identify(src/jetrover_description) by extensions ['ros']
[0.501s] Level 1:colcon.colcon_core.package_identification:_identify(src/jetrover_description) by extension 'ros'
[0.505s] DEBUG:colcon.colcon_core.package_identification:Package 'src/jetrover_description' with type 'ros.ament_python' and name 'jetrover_description'
[0.505s] Level 1:colcon.colcon_core.package_identification:_identify(src/jetrover_overall) by extensions ['ignore', 'ignore_ament_install']
[0.505s] Level 1:colcon.colcon_core.package_identification:_identify(src/jetrover_overall) by extension 'ignore'
[0.506s] Level 1:colcon.colcon_core.package_identification:_identify(src/jetrover_overall) by extension 'ignore_ament_install'
[0.506s] Level 1:colcon.colcon_core.package_identification:_identify(src/jetrover_overall) by extensions ['colcon_pkg']
[0.506s] Level 1:colcon.colcon_core.package_identification:_identify(src/jetrover_overall) by extension 'colcon_pkg'
[0.506s] Level 1:colcon.colcon_core.package_identification:_identify(src/jetrover_overall) by extensions ['colcon_meta']
[0.506s] Level 1:colcon.colcon_core.package_identification:_identify(src/jetrover_overall) by extension 'colcon_meta'
[0.506s] Level 1:colcon.colcon_core.package_identification:_identify(src/jetrover_overall) by extensions ['ros']
[0.506s] Level 1:colcon.colcon_core.package_identification:_identify(src/jetrover_overall) by extension 'ros'
[0.506s] Level 1:colcon.colcon_core.package_identification:_identify(src/jetrover_overall) by extensions ['cmake', 'python']
[0.506s] Level 1:colcon.colcon_core.package_identification:_identify(src/jetrover_overall) by extension 'cmake'
[0.506s] Level 1:colcon.colcon_core.package_identification:_identify(src/jetrover_overall) by extension 'python'
[0.506s] Level 1:colcon.colcon_core.package_identification:_identify(src/jetrover_overall) by extensions ['python_setup_py']
[0.506s] Level 1:colcon.colcon_core.package_identification:_identify(src/jetrover_overall) by extension 'python_setup_py'
[0.506s] Level 1:colcon.colcon_core.package_identification:_identify(src/jetrover_overall/src) by extensions ['ignore', 'ignore_ament_install']
[0.506s] Level 1:colcon.colcon_core.package_identification:_identify(src/jetrover_overall/src) by extension 'ignore'
[0.506s] Level 1:colcon.colcon_core.package_identification:_identify(src/jetrover_overall/src) by extension 'ignore_ament_install'
[0.506s] Level 1:colcon.colcon_core.package_identification:_identify(src/jetrover_overall/src) by extensions ['colcon_pkg']
[0.507s] Level 1:colcon.colcon_core.package_identification:_identify(src/jetrover_overall/src) by extension 'colcon_pkg'
[0.507s] Level 1:colcon.colcon_core.package_identification:_identify(src/jetrover_overall/src) by extensions ['colcon_meta']
[0.507s] Level 1:colcon.colcon_core.package_identification:_identify(src/jetrover_overall/src) by extension 'colcon_meta'
[0.507s] Level 1:colcon.colcon_core.package_identification:_identify(src/jetrover_overall/src) by extensions ['ros']
[0.507s] Level 1:colcon.colcon_core.package_identification:_identify(src/jetrover_overall/src) by extension 'ros'
[0.507s] Level 1:colcon.colcon_core.package_identification:_identify(src/jetrover_overall/src) by extensions ['cmake', 'python']
[0.507s] Level 1:colcon.colcon_core.package_identification:_identify(src/jetrover_overall/src) by extension 'cmake'
[0.507s] Level 1:colcon.colcon_core.package_identification:_identify(src/jetrover_overall/src) by extension 'python'
[0.507s] Level 1:colcon.colcon_core.package_identification:_identify(src/jetrover_overall/src) by extensions ['python_setup_py']
[0.507s] Level 1:colcon.colcon_core.package_identification:_identify(src/jetrover_overall/src) by extension 'python_setup_py'
[0.507s] Level 1:colcon.colcon_core.package_identification:_identify(src/jetrover_overall/src/app) by extensions ['ignore', 'ignore_ament_install']
[0.507s] Level 1:colcon.colcon_core.package_identification:_identify(src/jetrover_overall/src/app) by extension 'ignore'
[0.507s] Level 1:colcon.colcon_core.package_identification:_identify(src/jetrover_overall/src/app) by extension 'ignore_ament_install'
[0.507s] Level 1:colcon.colcon_core.package_identification:_identify(src/jetrover_overall/src/app) by extensions ['colcon_pkg']
[0.507s] Level 1:colcon.colcon_core.package_identification:_identify(src/jetrover_overall/src/app) by extension 'colcon_pkg'
[0.507s] Level 1:colcon.colcon_core.package_identification:_identify(src/jetrover_overall/src/app) by extensions ['colcon_meta']
[0.507s] Level 1:colcon.colcon_core.package_identification:_identify(src/jetrover_overall/src/app) by extension 'colcon_meta'
[0.507s] Level 1:colcon.colcon_core.package_identification:_identify(src/jetrover_overall/src/app) by extensions ['ros']
[0.508s] Level 1:colcon.colcon_core.package_identification:_identify(src/jetrover_overall/src/app) by extension 'ros'
[0.508s] DEBUG:colcon.colcon_core.package_identification:Package 'src/jetrover_overall/src/app' with type 'ros.ament_python' and name 'app'
[0.508s] Level 1:colcon.colcon_core.package_identification:_identify(src/jetrover_overall/src/bringup) by extensions ['ignore', 'ignore_ament_install']
[0.508s] Level 1:colcon.colcon_core.package_identification:_identify(src/jetrover_overall/src/bringup) by extension 'ignore'
[0.509s] Level 1:colcon.colcon_core.package_identification:_identify(src/jetrover_overall/src/bringup) by extension 'ignore_ament_install'
[0.509s] Level 1:colcon.colcon_core.package_identification:_identify(src/jetrover_overall/src/bringup) by extensions ['colcon_pkg']
[0.509s] Level 1:colcon.colcon_core.package_identification:_identify(src/jetrover_overall/src/bringup) by extension 'colcon_pkg'
[0.509s] Level 1:colcon.colcon_core.package_identification:_identify(src/jetrover_overall/src/bringup) by extensions ['colcon_meta']
[0.509s] Level 1:colcon.colcon_core.package_identification:_identify(src/jetrover_overall/src/bringup) by extension 'colcon_meta'
[0.509s] Level 1:colcon.colcon_core.package_identification:_identify(src/jetrover_overall/src/bringup) by extensions ['ros']
[0.509s] Level 1:colcon.colcon_core.package_identification:_identify(src/jetrover_overall/src/bringup) by extension 'ros'
[0.510s] DEBUG:colcon.colcon_core.package_identification:Package 'src/jetrover_overall/src/bringup' with type 'ros.ament_python' and name 'bringup'
[0.510s] Level 1:colcon.colcon_core.package_identification:_identify(src/jetrover_overall/src/calibration) by extensions ['ignore', 'ignore_ament_install']
[0.510s] Level 1:colcon.colcon_core.package_identification:_identify(src/jetrover_overall/src/calibration) by extension 'ignore'
[0.510s] Level 1:colcon.colcon_core.package_identification:_identify(src/jetrover_overall/src/calibration) by extension 'ignore_ament_install'
[0.510s] Level 1:colcon.colcon_core.package_identification:_identify(src/jetrover_overall/src/calibration) by extensions ['colcon_pkg']
[0.510s] Level 1:colcon.colcon_core.package_identification:_identify(src/jetrover_overall/src/calibration) by extension 'colcon_pkg'
[0.510s] Level 1:colcon.colcon_core.package_identification:_identify(src/jetrover_overall/src/calibration) by extensions ['colcon_meta']
[0.510s] Level 1:colcon.colcon_core.package_identification:_identify(src/jetrover_overall/src/calibration) by extension 'colcon_meta'
[0.510s] Level 1:colcon.colcon_core.package_identification:_identify(src/jetrover_overall/src/calibration) by extensions ['ros']
[0.510s] Level 1:colcon.colcon_core.package_identification:_identify(src/jetrover_overall/src/calibration) by extension 'ros'
[0.511s] DEBUG:colcon.colcon_core.package_identification:Package 'src/jetrover_overall/src/calibration' with type 'ros.ament_python' and name 'calibration'
[0.511s] Level 1:colcon.colcon_core.package_identification:_identify(src/jetrover_overall/src/driver) by extensions ['ignore', 'ignore_ament_install']
[0.511s] Level 1:colcon.colcon_core.package_identification:_identify(src/jetrover_overall/src/driver) by extension 'ignore'
[0.511s] Level 1:colcon.colcon_core.package_identification:_identify(src/jetrover_overall/src/driver) by extension 'ignore_ament_install'
[0.512s] Level 1:colcon.colcon_core.package_identification:_identify(src/jetrover_overall/src/driver) by extensions ['colcon_pkg']
[0.512s] Level 1:colcon.colcon_core.package_identification:_identify(src/jetrover_overall/src/driver) by extension 'colcon_pkg'
[0.512s] Level 1:colcon.colcon_core.package_identification:_identify(src/jetrover_overall/src/driver) by extensions ['colcon_meta']
[0.512s] Level 1:colcon.colcon_core.package_identification:_identify(src/jetrover_overall/src/driver) by extension 'colcon_meta'
[0.512s] Level 1:colcon.colcon_core.package_identification:_identify(src/jetrover_overall/src/driver) by extensions ['ros']
[0.512s] Level 1:colcon.colcon_core.package_identification:_identify(src/jetrover_overall/src/driver) by extension 'ros'
[0.512s] Level 1:colcon.colcon_core.package_identification:_identify(src/jetrover_overall/src/driver) by extensions ['cmake', 'python']
[0.512s] Level 1:colcon.colcon_core.package_identification:_identify(src/jetrover_overall/src/driver) by extension 'cmake'
[0.512s] Level 1:colcon.colcon_core.package_identification:_identify(src/jetrover_overall/src/driver) by extension 'python'
[0.512s] Level 1:colcon.colcon_core.package_identification:_identify(src/jetrover_overall/src/driver) by extensions ['python_setup_py']
[0.512s] Level 1:colcon.colcon_core.package_identification:_identify(src/jetrover_overall/src/driver) by extension 'python_setup_py'
[0.512s] Level 1:colcon.colcon_core.package_identification:_identify(src/jetrover_overall/src/driver/controller) by extensions ['ignore', 'ignore_ament_install']
[0.512s] Level 1:colcon.colcon_core.package_identification:_identify(src/jetrover_overall/src/driver/controller) by extension 'ignore'
[0.512s] Level 1:colcon.colcon_core.package_identification:_identify(src/jetrover_overall/src/driver/controller) by extension 'ignore_ament_install'
[0.512s] Level 1:colcon.colcon_core.package_identification:_identify(src/jetrover_overall/src/driver/controller) by extensions ['colcon_pkg']
[0.512s] Level 1:colcon.colcon_core.package_identification:_identify(src/jetrover_overall/src/driver/controller) by extension 'colcon_pkg'
[0.513s] Level 1:colcon.colcon_core.package_identification:_identify(src/jetrover_overall/src/driver/controller) by extensions ['colcon_meta']
[0.513s] Level 1:colcon.colcon_core.package_identification:_identify(src/jetrover_overall/src/driver/controller) by extension 'colcon_meta'
[0.513s] Level 1:colcon.colcon_core.package_identification:_identify(src/jetrover_overall/src/driver/controller) by extensions ['ros']
[0.513s] Level 1:colcon.colcon_core.package_identification:_identify(src/jetrover_overall/src/driver/controller) by extension 'ros'
[0.513s] DEBUG:colcon.colcon_core.package_identification:Package 'src/jetrover_overall/src/driver/controller' with type 'ros.ament_python' and name 'controller'
[0.513s] Level 1:colcon.colcon_core.package_identification:_identify(src/jetrover_overall/src/driver/kinematics) by extensions ['ignore', 'ignore_ament_install']
[0.513s] Level 1:colcon.colcon_core.package_identification:_identify(src/jetrover_overall/src/driver/kinematics) by extension 'ignore'
[0.514s] Level 1:colcon.colcon_core.package_identification:_identify(src/jetrover_overall/src/driver/kinematics) by extension 'ignore_ament_install'
[0.514s] Level 1:colcon.colcon_core.package_identification:_identify(src/jetrover_overall/src/driver/kinematics) by extensions ['colcon_pkg']
[0.514s] Level 1:colcon.colcon_core.package_identification:_identify(src/jetrover_overall/src/driver/kinematics) by extension 'colcon_pkg'
[0.514s] Level 1:colcon.colcon_core.package_identification:_identify(src/jetrover_overall/src/driver/kinematics) by extensions ['colcon_meta']
[0.514s] Level 1:colcon.colcon_core.package_identification:_identify(src/jetrover_overall/src/driver/kinematics) by extension 'colcon_meta'
[0.514s] Level 1:colcon.colcon_core.package_identification:_identify(src/jetrover_overall/src/driver/kinematics) by extensions ['ros']
[0.514s] Level 1:colcon.colcon_core.package_identification:_identify(src/jetrover_overall/src/driver/kinematics) by extension 'ros'
[0.515s] DEBUG:colcon.colcon_core.package_identification:Package 'src/jetrover_overall/src/driver/kinematics' with type 'ros.ament_python' and name 'kinematics'
[0.515s] Level 1:colcon.colcon_core.package_identification:_identify(src/jetrover_overall/src/driver/kinematics_msgs) by extensions ['ignore', 'ignore_ament_install']
[0.515s] Level 1:colcon.colcon_core.package_identification:_identify(src/jetrover_overall/src/driver/kinematics_msgs) by extension 'ignore'
[0.515s] Level 1:colcon.colcon_core.package_identification:_identify(src/jetrover_overall/src/driver/kinematics_msgs) by extension 'ignore_ament_install'
[0.515s] Level 1:colcon.colcon_core.package_identification:_identify(src/jetrover_overall/src/driver/kinematics_msgs) by extensions ['colcon_pkg']
[0.515s] Level 1:colcon.colcon_core.package_identification:_identify(src/jetrover_overall/src/driver/kinematics_msgs) by extension 'colcon_pkg'
[0.515s] Level 1:colcon.colcon_core.package_identification:_identify(src/jetrover_overall/src/driver/kinematics_msgs) by extensions ['colcon_meta']
[0.515s] Level 1:colcon.colcon_core.package_identification:_identify(src/jetrover_overall/src/driver/kinematics_msgs) by extension 'colcon_meta'
[0.515s] Level 1:colcon.colcon_core.package_identification:_identify(src/jetrover_overall/src/driver/kinematics_msgs) by extensions ['ros']
[0.515s] Level 1:colcon.colcon_core.package_identification:_identify(src/jetrover_overall/src/driver/kinematics_msgs) by extension 'ros'
[0.516s] DEBUG:colcon.colcon_core.package_identification:Package 'src/jetrover_overall/src/driver/kinematics_msgs' with type 'ros.ament_cmake' and name 'kinematics_msgs'
[0.516s] Level 1:colcon.colcon_core.package_identification:_identify(src/jetrover_overall/src/driver/ros_robot_controller) by extensions ['ignore', 'ignore_ament_install']
[0.516s] Level 1:colcon.colcon_core.package_identification:_identify(src/jetrover_overall/src/driver/ros_robot_controller) by extension 'ignore'
[0.516s] Level 1:colcon.colcon_core.package_identification:_identify(src/jetrover_overall/src/driver/ros_robot_controller) by extension 'ignore_ament_install'
[0.516s] Level 1:colcon.colcon_core.package_identification:_identify(src/jetrover_overall/src/driver/ros_robot_controller) by extensions ['colcon_pkg']
[0.516s] Level 1:colcon.colcon_core.package_identification:_identify(src/jetrover_overall/src/driver/ros_robot_controller) by extension 'colcon_pkg'
[0.516s] Level 1:colcon.colcon_core.package_identification:_identify(src/jetrover_overall/src/driver/ros_robot_controller) by extensions ['colcon_meta']
[0.517s] Level 1:colcon.colcon_core.package_identification:_identify(src/jetrover_overall/src/driver/ros_robot_controller) by extension 'colcon_meta'
[0.517s] Level 1:colcon.colcon_core.package_identification:_identify(src/jetrover_overall/src/driver/ros_robot_controller) by extensions ['ros']
[0.517s] Level 1:colcon.colcon_core.package_identification:_identify(src/jetrover_overall/src/driver/ros_robot_controller) by extension 'ros'
[0.517s] DEBUG:colcon.colcon_core.package_identification:Package 'src/jetrover_overall/src/driver/ros_robot_controller' with type 'ros.ament_python' and name 'ros_robot_controller'
[0.517s] Level 1:colcon.colcon_core.package_identification:_identify(src/jetrover_overall/src/driver/ros_robot_controller_msgs) by extensions ['ignore', 'ignore_ament_install']
[0.517s] Level 1:colcon.colcon_core.package_identification:_identify(src/jetrover_overall/src/driver/ros_robot_controller_msgs) by extension 'ignore'
[0.518s] Level 1:colcon.colcon_core.package_identification:_identify(src/jetrover_overall/src/driver/ros_robot_controller_msgs) by extension 'ignore_ament_install'
[0.518s] Level 1:colcon.colcon_core.package_identification:_identify(src/jetrover_overall/src/driver/ros_robot_controller_msgs) by extensions ['colcon_pkg']
[0.518s] Level 1:colcon.colcon_core.package_identification:_identify(src/jetrover_overall/src/driver/ros_robot_controller_msgs) by extension 'colcon_pkg'
[0.518s] Level 1:colcon.colcon_core.package_identification:_identify(src/jetrover_overall/src/driver/ros_robot_controller_msgs) by extensions ['colcon_meta']
[0.518s] Level 1:colcon.colcon_core.package_identification:_identify(src/jetrover_overall/src/driver/ros_robot_controller_msgs) by extension 'colcon_meta'
[0.518s] Level 1:colcon.colcon_core.package_identification:_identify(src/jetrover_overall/src/driver/ros_robot_controller_msgs) by extensions ['ros']
[0.518s] Level 1:colcon.colcon_core.package_identification:_identify(src/jetrover_overall/src/driver/ros_robot_controller_msgs) by extension 'ros'
[0.518s] DEBUG:colcon.colcon_core.package_identification:Package 'src/jetrover_overall/src/driver/ros_robot_controller_msgs' with type 'ros.ament_cmake' and name 'ros_robot_controller_msgs'
[0.519s] Level 1:colcon.colcon_core.package_identification:_identify(src/jetrover_overall/src/driver/sdk) by extensions ['ignore', 'ignore_ament_install']
[0.519s] Level 1:colcon.colcon_core.package_identification:_identify(src/jetrover_overall/src/driver/sdk) by extension 'ignore'
[0.519s] Level 1:colcon.colcon_core.package_identification:_identify(src/jetrover_overall/src/driver/sdk) by extension 'ignore_ament_install'
[0.519s] Level 1:colcon.colcon_core.package_identification:_identify(src/jetrover_overall/src/driver/sdk) by extensions ['colcon_pkg']
[0.519s] Level 1:colcon.colcon_core.package_identification:_identify(src/jetrover_overall/src/driver/sdk) by extension 'colcon_pkg'
[0.519s] Level 1:colcon.colcon_core.package_identification:_identify(src/jetrover_overall/src/driver/sdk) by extensions ['colcon_meta']
[0.519s] Level 1:colcon.colcon_core.package_identification:_identify(src/jetrover_overall/src/driver/sdk) by extension 'colcon_meta'
[0.519s] Level 1:colcon.colcon_core.package_identification:_identify(src/jetrover_overall/src/driver/sdk) by extensions ['ros']
[0.519s] Level 1:colcon.colcon_core.package_identification:_identify(src/jetrover_overall/src/driver/sdk) by extension 'ros'
[0.520s] DEBUG:colcon.colcon_core.package_identification:Package 'src/jetrover_overall/src/driver/sdk' with type 'ros.ament_python' and name 'sdk'
[0.520s] Level 1:colcon.colcon_core.package_identification:_identify(src/jetrover_overall/src/driver/servo_controller) by extensions ['ignore', 'ignore_ament_install']
[0.520s] Level 1:colcon.colcon_core.package_identification:_identify(src/jetrover_overall/src/driver/servo_controller) by extension 'ignore'
[0.520s] Level 1:colcon.colcon_core.package_identification:_identify(src/jetrover_overall/src/driver/servo_controller) by extension 'ignore_ament_install'
[0.520s] Level 1:colcon.colcon_core.package_identification:_identify(src/jetrover_overall/src/driver/servo_controller) by extensions ['colcon_pkg']
[0.520s] Level 1:colcon.colcon_core.package_identification:_identify(src/jetrover_overall/src/driver/servo_controller) by extension 'colcon_pkg'
[0.520s] Level 1:colcon.colcon_core.package_identification:_identify(src/jetrover_overall/src/driver/servo_controller) by extensions ['colcon_meta']
[0.520s] Level 1:colcon.colcon_core.package_identification:_identify(src/jetrover_overall/src/driver/servo_controller) by extension 'colcon_meta'
[0.520s] Level 1:colcon.colcon_core.package_identification:_identify(src/jetrover_overall/src/driver/servo_controller) by extensions ['ros']
[0.520s] Level 1:colcon.colcon_core.package_identification:_identify(src/jetrover_overall/src/driver/servo_controller) by extension 'ros'
[0.521s] DEBUG:colcon.colcon_core.package_identification:Package 'src/jetrover_overall/src/driver/servo_controller' with type 'ros.ament_python' and name 'servo_controller'
[0.521s] Level 1:colcon.colcon_core.package_identification:_identify(src/jetrover_overall/src/driver/servo_controller_msgs) by extensions ['ignore', 'ignore_ament_install']
[0.521s] Level 1:colcon.colcon_core.package_identification:_identify(src/jetrover_overall/src/driver/servo_controller_msgs) by extension 'ignore'
[0.521s] Level 1:colcon.colcon_core.package_identification:_identify(src/jetrover_overall/src/driver/servo_controller_msgs) by extension 'ignore_ament_install'
[0.521s] Level 1:colcon.colcon_core.package_identification:_identify(src/jetrover_overall/src/driver/servo_controller_msgs) by extensions ['colcon_pkg']
[0.521s] Level 1:colcon.colcon_core.package_identification:_identify(src/jetrover_overall/src/driver/servo_controller_msgs) by extension 'colcon_pkg'
[0.521s] Level 1:colcon.colcon_core.package_identification:_identify(src/jetrover_overall/src/driver/servo_controller_msgs) by extensions ['colcon_meta']
[0.521s] Level 1:colcon.colcon_core.package_identification:_identify(src/jetrover_overall/src/driver/servo_controller_msgs) by extension 'colcon_meta'
[0.521s] Level 1:colcon.colcon_core.package_identification:_identify(src/jetrover_overall/src/driver/servo_controller_msgs) by extensions ['ros']
[0.521s] Level 1:colcon.colcon_core.package_identification:_identify(src/jetrover_overall/src/driver/servo_controller_msgs) by extension 'ros'
[0.522s] DEBUG:colcon.colcon_core.package_identification:Package 'src/jetrover_overall/src/driver/servo_controller_msgs' with type 'ros.ament_cmake' and name 'servo_controller_msgs'
[0.522s] Level 1:colcon.colcon_core.package_identification:_identify(src/jetrover_overall/src/example) by extensions ['ignore', 'ignore_ament_install']
[0.522s] Level 1:colcon.colcon_core.package_identification:_identify(src/jetrover_overall/src/example) by extension 'ignore'
[0.522s] Level 1:colcon.colcon_core.package_identification:_identify(src/jetrover_overall/src/example) by extension 'ignore_ament_install'
[0.522s] Level 1:colcon.colcon_core.package_identification:_identify(src/jetrover_overall/src/example) by extensions ['colcon_pkg']
[0.522s] Level 1:colcon.colcon_core.package_identification:_identify(src/jetrover_overall/src/example) by extension 'colcon_pkg'
[0.522s] Level 1:colcon.colcon_core.package_identification:_identify(src/jetrover_overall/src/example) by extensions ['colcon_meta']
[0.522s] Level 1:colcon.colcon_core.package_identification:_identify(src/jetrover_overall/src/example) by extension 'colcon_meta'
[0.522s] Level 1:colcon.colcon_core.package_identification:_identify(src/jetrover_overall/src/example) by extensions ['ros']
[0.522s] Level 1:colcon.colcon_core.package_identification:_identify(src/jetrover_overall/src/example) by extension 'ros'
[0.523s] DEBUG:colcon.colcon_core.package_identification:Package 'src/jetrover_overall/src/example' with type 'ros.ament_python' and name 'example'
[0.523s] Level 1:colcon.colcon_core.package_identification:_identify(src/jetrover_overall/src/interfaces) by extensions ['ignore', 'ignore_ament_install']
[0.523s] Level 1:colcon.colcon_core.package_identification:_identify(src/jetrover_overall/src/interfaces) by extension 'ignore'
[0.523s] Level 1:colcon.colcon_core.package_identification:_identify(src/jetrover_overall/src/interfaces) by extension 'ignore_ament_install'
[0.523s] Level 1:colcon.colcon_core.package_identification:_identify(src/jetrover_overall/src/interfaces) by extensions ['colcon_pkg']
[0.523s] Level 1:colcon.colcon_core.package_identification:_identify(src/jetrover_overall/src/interfaces) by extension 'colcon_pkg'
[0.523s] Level 1:colcon.colcon_core.package_identification:_identify(src/jetrover_overall/src/interfaces) by extensions ['colcon_meta']
[0.523s] Level 1:colcon.colcon_core.package_identification:_identify(src/jetrover_overall/src/interfaces) by extension 'colcon_meta'
[0.524s] Level 1:colcon.colcon_core.package_identification:_identify(src/jetrover_overall/src/interfaces) by extensions ['ros']
[0.524s] Level 1:colcon.colcon_core.package_identification:_identify(src/jetrover_overall/src/interfaces) by extension 'ros'
[0.524s] DEBUG:colcon.colcon_core.package_identification:Package 'src/jetrover_overall/src/interfaces' with type 'ros.ament_cmake' and name 'interfaces'
[0.524s] Level 1:colcon.colcon_core.package_identification:_identify(src/jetrover_overall/src/navigation) by extensions ['ignore', 'ignore_ament_install']
[0.524s] Level 1:colcon.colcon_core.package_identification:_identify(src/jetrover_overall/src/navigation) by extension 'ignore'
[0.525s] Level 1:colcon.colcon_core.package_identification:_identify(src/jetrover_overall/src/navigation) by extension 'ignore_ament_install'
[0.525s] Level 1:colcon.colcon_core.package_identification:_identify(src/jetrover_overall/src/navigation) by extensions ['colcon_pkg']
[0.525s] Level 1:colcon.colcon_core.package_identification:_identify(src/jetrover_overall/src/navigation) by extension 'colcon_pkg'
[0.525s] Level 1:colcon.colcon_core.package_identification:_identify(src/jetrover_overall/src/navigation) by extensions ['colcon_meta']
[0.525s] Level 1:colcon.colcon_core.package_identification:_identify(src/jetrover_overall/src/navigation) by extension 'colcon_meta'
[0.525s] Level 1:colcon.colcon_core.package_identification:_identify(src/jetrover_overall/src/navigation) by extensions ['ros']
[0.525s] Level 1:colcon.colcon_core.package_identification:_identify(src/jetrover_overall/src/navigation) by extension 'ros'
[0.525s] DEBUG:colcon.colcon_core.package_identification:Package 'src/jetrover_overall/src/navigation' with type 'ros.ament_python' and name 'navigation'
[0.525s] Level 1:colcon.colcon_core.package_identification:_identify(src/jetrover_overall/src/peripherals) by extensions ['ignore', 'ignore_ament_install']
[0.526s] Level 1:colcon.colcon_core.package_identification:_identify(src/jetrover_overall/src/peripherals) by extension 'ignore'
[0.526s] Level 1:colcon.colcon_core.package_identification:_identify(src/jetrover_overall/src/peripherals) by extension 'ignore_ament_install'
[0.526s] Level 1:colcon.colcon_core.package_identification:_identify(src/jetrover_overall/src/peripherals) by extensions ['colcon_pkg']
[0.526s] Level 1:colcon.colcon_core.package_identification:_identify(src/jetrover_overall/src/peripherals) by extension 'colcon_pkg'
[0.526s] Level 1:colcon.colcon_core.package_identification:_identify(src/jetrover_overall/src/peripherals) by extensions ['colcon_meta']
[0.526s] Level 1:colcon.colcon_core.package_identification:_identify(src/jetrover_overall/src/peripherals) by extension 'colcon_meta'
[0.526s] Level 1:colcon.colcon_core.package_identification:_identify(src/jetrover_overall/src/peripherals) by extensions ['ros']
[0.526s] Level 1:colcon.colcon_core.package_identification:_identify(src/jetrover_overall/src/peripherals) by extension 'ros'
[0.526s] DEBUG:colcon.colcon_core.package_identification:Package 'src/jetrover_overall/src/peripherals' with type 'ros.ament_python' and name 'peripherals'
[0.527s] Level 1:colcon.colcon_core.package_identification:_identify(src/jetrover_overall/src/simulations) by extensions ['ignore', 'ignore_ament_install']
[0.527s] Level 1:colcon.colcon_core.package_identification:_identify(src/jetrover_overall/src/simulations) by extension 'ignore'
[0.527s] Level 1:colcon.colcon_core.package_identification:_identify(src/jetrover_overall/src/simulations) by extension 'ignore_ament_install'
[0.527s] Level 1:colcon.colcon_core.package_identification:_identify(src/jetrover_overall/src/simulations) by extensions ['colcon_pkg']
[0.527s] Level 1:colcon.colcon_core.package_identification:_identify(src/jetrover_overall/src/simulations) by extension 'colcon_pkg'
[0.527s] Level 1:colcon.colcon_core.package_identification:_identify(src/jetrover_overall/src/simulations) by extensions ['colcon_meta']
[0.527s] Level 1:colcon.colcon_core.package_identification:_identify(src/jetrover_overall/src/simulations) by extension 'colcon_meta'
[0.527s] Level 1:colcon.colcon_core.package_identification:_identify(src/jetrover_overall/src/simulations) by extensions ['ros']
[0.527s] Level 1:colcon.colcon_core.package_identification:_identify(src/jetrover_overall/src/simulations) by extension 'ros'
[0.527s] Level 1:colcon.colcon_core.package_identification:_identify(src/jetrover_overall/src/simulations) by extensions ['cmake', 'python']
[0.527s] Level 1:colcon.colcon_core.package_identification:_identify(src/jetrover_overall/src/simulations) by extension 'cmake'
[0.527s] Level 1:colcon.colcon_core.package_identification:_identify(src/jetrover_overall/src/simulations) by extension 'python'
[0.527s] Level 1:colcon.colcon_core.package_identification:_identify(src/jetrover_overall/src/simulations) by extensions ['python_setup_py']
[0.527s] Level 1:colcon.colcon_core.package_identification:_identify(src/jetrover_overall/src/simulations) by extension 'python_setup_py'
[0.527s] Level 1:colcon.colcon_core.package_identification:_identify(src/jetrover_overall/src/simulations/jetrover_description) by extensions ['ignore', 'ignore_ament_install']
[0.527s] Level 1:colcon.colcon_core.package_identification:_identify(src/jetrover_overall/src/simulations/jetrover_description) by extension 'ignore'
[0.528s] Level 1:colcon.colcon_core.package_identification:_identify(src/jetrover_overall/src/simulations/jetrover_description) by extension 'ignore_ament_install'
[0.528s] Level 1:colcon.colcon_core.package_identification:_identify(src/jetrover_overall/src/simulations/jetrover_description) by extensions ['colcon_pkg']
[0.528s] Level 1:colcon.colcon_core.package_identification:_identify(src/jetrover_overall/src/simulations/jetrover_description) by extension 'colcon_pkg'
[0.528s] Level 1:colcon.colcon_core.package_identification:_identify(src/jetrover_overall/src/simulations/jetrover_description) by extensions ['colcon_meta']
[0.528s] Level 1:colcon.colcon_core.package_identification:_identify(src/jetrover_overall/src/simulations/jetrover_description) by extension 'colcon_meta'
[0.528s] Level 1:colcon.colcon_core.package_identification:_identify(src/jetrover_overall/src/simulations/jetrover_description) by extensions ['ros']
[0.528s] Level 1:colcon.colcon_core.package_identification:_identify(src/jetrover_overall/src/simulations/jetrover_description) by extension 'ros'
[0.529s] DEBUG:colcon.colcon_core.package_identification:Package 'src/jetrover_overall/src/simulations/jetrover_description' with type 'ros.ament_python' and name 'jetrover_description'
[0.529s] Level 1:colcon.colcon_core.package_identification:_identify(src/jetrover_overall/src/slam) by extensions ['ignore', 'ignore_ament_install']
[0.529s] Level 1:colcon.colcon_core.package_identification:_identify(src/jetrover_overall/src/slam) by extension 'ignore'
[0.529s] Level 1:colcon.colcon_core.package_identification:_identify(src/jetrover_overall/src/slam) by extension 'ignore_ament_install'
[0.529s] Level 1:colcon.colcon_core.package_identification:_identify(src/jetrover_overall/src/slam) by extensions ['colcon_pkg']
[0.529s] Level 1:colcon.colcon_core.package_identification:_identify(src/jetrover_overall/src/slam) by extension 'colcon_pkg'
[0.529s] Level 1:colcon.colcon_core.package_identification:_identify(src/jetrover_overall/src/slam) by extensions ['colcon_meta']
[0.529s] Level 1:colcon.colcon_core.package_identification:_identify(src/jetrover_overall/src/slam) by extension 'colcon_meta'
[0.529s] Level 1:colcon.colcon_core.package_identification:_identify(src/jetrover_overall/src/slam) by extensions ['ros']
[0.529s] Level 1:colcon.colcon_core.package_identification:_identify(src/jetrover_overall/src/slam) by extension 'ros'
[0.531s] DEBUG:colcon.colcon_core.package_identification:Package 'src/jetrover_overall/src/slam' with type 'ros.ament_python' and name 'slam'
[0.531s] Level 1:colcon.colcon_core.package_identification:_identify(src/jetrover_overall/src/xf_mic_asr_offline) by extensions ['ignore', 'ignore_ament_install']
[0.531s] Level 1:colcon.colcon_core.package_identification:_identify(src/jetrover_overall/src/xf_mic_asr_offline) by extension 'ignore'
[0.531s] Level 1:colcon.colcon_core.package_identification:_identify(src/jetrover_overall/src/xf_mic_asr_offline) by extension 'ignore_ament_install'
[0.531s] Level 1:colcon.colcon_core.package_identification:_identify(src/jetrover_overall/src/xf_mic_asr_offline) by extensions ['colcon_pkg']
[0.531s] Level 1:colcon.colcon_core.package_identification:_identify(src/jetrover_overall/src/xf_mic_asr_offline) by extension 'colcon_pkg'
[0.531s] Level 1:colcon.colcon_core.package_identification:_identify(src/jetrover_overall/src/xf_mic_asr_offline) by extensions ['colcon_meta']
[0.531s] Level 1:colcon.colcon_core.package_identification:_identify(src/jetrover_overall/src/xf_mic_asr_offline) by extension 'colcon_meta'
[0.531s] Level 1:colcon.colcon_core.package_identification:_identify(src/jetrover_overall/src/xf_mic_asr_offline) by extensions ['ros']
[0.531s] Level 1:colcon.colcon_core.package_identification:_identify(src/jetrover_overall/src/xf_mic_asr_offline) by extension 'ros'
[0.532s] DEBUG:colcon.colcon_core.package_identification:Package 'src/jetrover_overall/src/xf_mic_asr_offline' with type 'ros.ament_cmake' and name 'xf_mic_asr_offline'
[0.532s] Level 1:colcon.colcon_core.package_identification:_identify(src/jetrover_overall/src/xf_mic_asr_offline_msgs) by extensions ['ignore', 'ignore_ament_install']
[0.532s] Level 1:colcon.colcon_core.package_identification:_identify(src/jetrover_overall/src/xf_mic_asr_offline_msgs) by extension 'ignore'
[0.532s] Level 1:colcon.colcon_core.package_identification:_identify(src/jetrover_overall/src/xf_mic_asr_offline_msgs) by extension 'ignore_ament_install'
[0.532s] Level 1:colcon.colcon_core.package_identification:_identify(src/jetrover_overall/src/xf_mic_asr_offline_msgs) by extensions ['colcon_pkg']
[0.533s] Level 1:colcon.colcon_core.package_identification:_identify(src/jetrover_overall/src/xf_mic_asr_offline_msgs) by extension 'colcon_pkg'
[0.533s] Level 1:colcon.colcon_core.package_identification:_identify(src/jetrover_overall/src/xf_mic_asr_offline_msgs) by extensions ['colcon_meta']
[0.533s] Level 1:colcon.colcon_core.package_identification:_identify(src/jetrover_overall/src/xf_mic_asr_offline_msgs) by extension 'colcon_meta'
[0.533s] Level 1:colcon.colcon_core.package_identification:_identify(src/jetrover_overall/src/xf_mic_asr_offline_msgs) by extensions ['ros']
[0.533s] Level 1:colcon.colcon_core.package_identification:_identify(src/jetrover_overall/src/xf_mic_asr_offline_msgs) by extension 'ros'
[0.533s] DEBUG:colcon.colcon_core.package_identification:Package 'src/jetrover_overall/src/xf_mic_asr_offline_msgs' with type 'ros.ament_cmake' and name 'xf_mic_asr_offline_msgs'
[0.533s] Level 1:colcon.colcon_core.package_discovery:discover_packages(recursive) using defaults
[0.533s] Level 1:colcon.colcon_core.package_discovery:discover_packages(ignore) discover
[0.533s] Level 1:colcon.colcon_core.package_discovery:discover_packages(ignore) using defaults
[0.534s] Level 1:colcon.colcon_core.package_discovery:discover_packages(path) discover
[0.534s] Level 1:colcon.colcon_core.package_discovery:discover_packages(path) using defaults
[0.567s] INFO:colcon.colcon_core.package_selection:Skipping not selected package 'app' in 'src/jetrover_overall/src/app'
[0.567s] INFO:colcon.colcon_core.package_selection:Skipping not selected package 'bringup' in 'src/jetrover_overall/src/bringup'
[0.568s] INFO:colcon.colcon_core.package_selection:Skipping not selected package 'calibration' in 'src/jetrover_overall/src/calibration'
[0.568s] INFO:colcon.colcon_core.package_selection:Skipping not selected package 'controller' in 'src/jetrover_overall/src/driver/controller'
[0.568s] INFO:colcon.colcon_core.package_selection:Skipping not selected package 'example' in 'src/jetrover_overall/src/example'
[0.568s] INFO:colcon.colcon_core.package_selection:Skipping not selected package 'interfaces' in 'src/jetrover_overall/src/interfaces'
[0.568s] INFO:colcon.colcon_core.package_selection:Skipping not selected package 'kinematics' in 'src/jetrover_overall/src/driver/kinematics'
[0.568s] INFO:colcon.colcon_core.package_selection:Skipping not selected package 'kinematics_msgs' in 'src/jetrover_overall/src/driver/kinematics_msgs'
[0.568s] INFO:colcon.colcon_core.package_selection:Skipping not selected package 'navigation' in 'src/jetrover_overall/src/navigation'
[0.568s] INFO:colcon.colcon_core.package_selection:Skipping not selected package 'peripherals' in 'src/jetrover_overall/src/peripherals'
[0.568s] INFO:colcon.colcon_core.package_selection:Skipping not selected package 'ros_robot_controller' in 'src/jetrover_overall/src/driver/ros_robot_controller'
[0.568s] INFO:colcon.colcon_core.package_selection:Skipping not selected package 'ros_robot_controller_msgs' in 'src/jetrover_overall/src/driver/ros_robot_controller_msgs'
[0.568s] INFO:colcon.colcon_core.package_selection:Skipping not selected package 'sdk' in 'src/jetrover_overall/src/driver/sdk'
[0.568s] INFO:colcon.colcon_core.package_selection:Skipping not selected package 'servo_controller' in 'src/jetrover_overall/src/driver/servo_controller'
[0.568s] INFO:colcon.colcon_core.package_selection:Skipping not selected package 'servo_controller_msgs' in 'src/jetrover_overall/src/driver/servo_controller_msgs'
[0.568s] INFO:colcon.colcon_core.package_selection:Skipping not selected package 'slam' in 'src/jetrover_overall/src/slam'
[0.568s] INFO:colcon.colcon_core.package_selection:Skipping not selected package 'xf_mic_asr_offline_msgs' in 'src/jetrover_overall/src/xf_mic_asr_offline_msgs'
[0.568s] INFO:colcon.colcon_core.package_selection:Skipping not selected package 'xf_mic_asr_offline' in 'src/jetrover_overall/src/xf_mic_asr_offline'
[0.568s] Level 1:colcon.colcon_core.package_discovery:discover_packages(prefix_path) check parameters
[0.569s] Level 1:colcon.colcon_core.package_discovery:discover_packages(prefix_path) discover
[0.574s] DEBUG:colcon.colcon_installed_package_information.package_discovery:Found 415 installed packages in /opt/ros/jazzy
[0.575s] Level 1:colcon.colcon_core.package_discovery:discover_packages(prefix_path) using defaults
[0.624s] ERROR:colcon:colcon build: Duplicate package names not supported:
- jetrover_description:
  - src/jetrover_description
  - src/jetrover_overall/src/simulations/jetrover_description
