[1.158s] Invoking command in '/home/sukritchopra/ros2_ws/src/jetrover_description': PYTHONPATH=/home/sukritchopra/ros2_ws/src/jetrover_description/build/jetrover_description/prefix_override:/usr/lib/python3/dist-packages/colcon_core/task/python/colcon_distutils_commands:/home/sukritchopra/ros2_ws/src/jetrover_description/install/jetrover_description/lib/python3.12/site-packages:${PYTHONPATH} /usr/bin/python3 -W ignore:setup.py install is deprecated -W ignore:easy_install command is deprecated setup.py egg_info --egg-base build/jetrover_description build --build-base /home/sukritchopra/ros2_ws/src/jetrover_description/build/jetrover_description/build install --record /home/sukritchopra/ros2_ws/src/jetrover_description/build/jetrover_description/install.log --single-version-externally-managed install_data
[1.405s] running egg_info
[1.424s] writing build/jetrover_description/jetrover_description.egg-info/PKG-INFO
[1.424s] writing dependency_links to build/jetrover_description/jetrover_description.egg-info/dependency_links.txt
[1.425s] writing entry points to build/jetrover_description/jetrover_description.egg-info/entry_points.txt
[1.425s] writing requirements to build/jetrover_description/jetrover_description.egg-info/requires.txt
[1.425s] writing top-level names to build/jetrover_description/jetrover_description.egg-info/top_level.txt
[1.463s] reading manifest file 'build/jetrover_description/jetrover_description.egg-info/SOURCES.txt'
[1.465s] writing manifest file 'build/jetrover_description/jetrover_description.egg-info/SOURCES.txt'
[1.466s] running build
[1.466s] running build_py
[1.466s] running install
[1.471s] running install_lib
[1.490s] running install_data
[1.491s] copying launch/simulation_with_controllers.launch.py -> /home/sukritchopra/ros2_ws/src/jetrover_description/install/jetrover_description/share/jetrover_description/launch
[1.491s] creating /home/sukritchopra/ros2_ws/src/jetrover_description/install/jetrover_description/share/jetrover_description/scripts
[1.492s] copying scripts/joint_controller_demo.py -> /home/sukritchopra/ros2_ws/src/jetrover_description/install/jetrover_description/share/jetrover_description/scripts
[1.492s] copying scripts/manual_joint_control.py -> /home/sukritchopra/ros2_ws/src/jetrover_description/install/jetrover_description/share/jetrover_description/scripts
[1.492s] creating /home/sukritchopra/ros2_ws/src/jetrover_description/install/jetrover_description/share/jetrover_description/models
[1.493s] creating /home/sukritchopra/ros2_ws/src/jetrover_description/install/jetrover_description/share/jetrover_description/models/jetrover
[1.493s] copying models/jetrover/tictactoe_NEW3.sdf -> /home/sukritchopra/ros2_ws/src/jetrover_description/install/jetrover_description/share/jetrover_description/models/jetrover
[1.493s] copying models/jetrover/jetrover_world.sdf -> /home/sukritchopra/ros2_ws/src/jetrover_description/install/jetrover_description/share/jetrover_description/models/jetrover
[1.493s] copying models/jetrover/jetrover_world1.sdf -> /home/sukritchopra/ros2_ws/src/jetrover_description/install/jetrover_description/share/jetrover_description/models/jetrover
[1.494s] copying models/jetrover/move.sh -> /home/sukritchopra/ros2_ws/src/jetrover_description/install/jetrover_description/share/jetrover_description/models/jetrover
[1.494s] copying models/jetrover/tictactoe_NEW2.sdf -> /home/sukritchopra/ros2_ws/src/jetrover_description/install/jetrover_description/share/jetrover_description/models/jetrover
[1.497s] running install_egg_info
[1.517s] removing '/home/sukritchopra/ros2_ws/src/jetrover_description/install/jetrover_description/lib/python3.12/site-packages/jetrover_description-0.0.0-py3.12.egg-info' (and everything under it)
[1.517s] Copying build/jetrover_description/jetrover_description.egg-info to /home/sukritchopra/ros2_ws/src/jetrover_description/install/jetrover_description/lib/python3.12/site-packages/jetrover_description-0.0.0-py3.12.egg-info
[1.519s] running install_scripts
[1.647s] Installing joint_demo script to /home/sukritchopra/ros2_ws/src/jetrover_description/install/jetrover_description/lib/jetrover_description
[1.648s] Installing manual_control script to /home/sukritchopra/ros2_ws/src/jetrover_description/install/jetrover_description/lib/jetrover_description
[1.648s] writing list of installed files to '/home/sukritchopra/ros2_ws/src/jetrover_description/build/jetrover_description/install.log'
[1.681s] Invoked command in '/home/sukritchopra/ros2_ws/src/jetrover_description' returned '0': PYTHONPATH=/home/sukritchopra/ros2_ws/src/jetrover_description/build/jetrover_description/prefix_override:/usr/lib/python3/dist-packages/colcon_core/task/python/colcon_distutils_commands:/home/sukritchopra/ros2_ws/src/jetrover_description/install/jetrover_description/lib/python3.12/site-packages:${PYTHONPATH} /usr/bin/python3 -W ignore:setup.py install is deprecated -W ignore:easy_install command is deprecated setup.py egg_info --egg-base build/jetrover_description build --build-base /home/sukritchopra/ros2_ws/src/jetrover_description/build/jetrover_description/build install --record /home/sukritchopra/ros2_ws/src/jetrover_description/build/jetrover_description/install.log --single-version-externally-managed install_data
